<?xml version="1.0" encoding="ISO-8859-1" ?>
<link_info>
   <banner>TI ARM Clang Linker PC v4.0.3.LTS</banner>
   <copyright>Copyright (c) 1996-2018 Texas Instruments Incorporated</copyright>
   <command_line>D:\ti\ccs\tools\compiler\ti-cgt-armllvm_4.0.3.LTS\bin\tiarmlnk -ID:\ti\ccs\tools\compiler\ti-cgt-armllvm_4.0.3.LTS\lib -o mpu6050-oled-software-i2c.out -mmpu6050-oled-software-i2c.map -iD:/ti/mspm0_sdk_2_05_01_00/source -iC:/Users/1/workspace_ccstheia/mpu6050-oled-software-i2c -iC:/Users/1/workspace_ccstheia/mpu6050-oled-software-i2c/Debug/syscfg -iD:/ti/ccs/tools/compiler/ti-cgt-armllvm_4.0.3.LTS/lib --diag_wrap=off --display_error_number --warn_sections --xml_link_info=mpu6050-oled-software-i2c_linkInfo.xml --rom_model ./main.o ./ti_msp_dl_config.o ./startup_mspm0g350x_ticlang.o ./Drivers/ADC/ADC.o ./Drivers/Blue_teeth/Blue_teeth.o ./Drivers/Clock/Clock.o ./Drivers/Encoder/Encoder.o ./Drivers/Grayscale_Sensor/Grayscale_Sensor.o ./Drivers/OLED_Software_I2C/oled_software_i2c.o ./Drivers/Ultrasonic_GPIO/ultrasonic_gpio.o ./Drivers/car/car.o ./Drivers/pid/pid.o ./Drivers/servo/servo.o -l./device_linker.cmd -ldevice.cmd.genlibs -llibc.a -lD:/ti/mspm0_sdk_2_05_01_00/source/ti/driverlib/lib/ticlang/m0p/mspm0g1x0x_g3x0x/driverlib.a --start-group -llibc++.a -llibc++abi.a -llibc.a -llibsys.a -llibsysbm.a -llibclang_rt.builtins.a -llibclang_rt.profile.a --end-group --cg_opt_level=0</command_line>
   <link_time>0x68837264</link_time>
   <link_errors>0x0</link_errors>
   <output_file>C:\Users\1\workspace_ccstheia\mpu6050-oled-software-i2c\Debug\mpu6050-oled-software-i2c.out</output_file>
   <entry_point>
      <name>_c_int00_noargs</name>
      <address>0x31ad</address>
   </entry_point>
   <input_file_list>
      <input_file id="fl-1">
         <path>C:\Users\1\workspace_ccstheia\mpu6050-oled-software-i2c\Debug\.\</path>
         <kind>object</kind>
         <file>main.o</file>
         <name>main.o</name>
      </input_file>
      <input_file id="fl-2">
         <path>C:\Users\1\workspace_ccstheia\mpu6050-oled-software-i2c\Debug\.\</path>
         <kind>object</kind>
         <file>ti_msp_dl_config.o</file>
         <name>ti_msp_dl_config.o</name>
      </input_file>
      <input_file id="fl-3">
         <path>C:\Users\1\workspace_ccstheia\mpu6050-oled-software-i2c\Debug\.\</path>
         <kind>object</kind>
         <file>startup_mspm0g350x_ticlang.o</file>
         <name>startup_mspm0g350x_ticlang.o</name>
      </input_file>
      <input_file id="fl-4">
         <path>C:\Users\1\workspace_ccstheia\mpu6050-oled-software-i2c\Debug\.\Drivers\ADC\</path>
         <kind>object</kind>
         <file>ADC.o</file>
         <name>ADC.o</name>
      </input_file>
      <input_file id="fl-5">
         <path>C:\Users\1\workspace_ccstheia\mpu6050-oled-software-i2c\Debug\.\Drivers\Blue_teeth\</path>
         <kind>object</kind>
         <file>Blue_teeth.o</file>
         <name>Blue_teeth.o</name>
      </input_file>
      <input_file id="fl-6">
         <path>C:\Users\1\workspace_ccstheia\mpu6050-oled-software-i2c\Debug\.\Drivers\Clock\</path>
         <kind>object</kind>
         <file>Clock.o</file>
         <name>Clock.o</name>
      </input_file>
      <input_file id="fl-7">
         <path>C:\Users\1\workspace_ccstheia\mpu6050-oled-software-i2c\Debug\.\Drivers\Encoder\</path>
         <kind>object</kind>
         <file>Encoder.o</file>
         <name>Encoder.o</name>
      </input_file>
      <input_file id="fl-8">
         <path>C:\Users\1\workspace_ccstheia\mpu6050-oled-software-i2c\Debug\.\Drivers\Grayscale_Sensor\</path>
         <kind>object</kind>
         <file>Grayscale_Sensor.o</file>
         <name>Grayscale_Sensor.o</name>
      </input_file>
      <input_file id="fl-9">
         <path>C:\Users\1\workspace_ccstheia\mpu6050-oled-software-i2c\Debug\.\Drivers\OLED_Software_I2C\</path>
         <kind>object</kind>
         <file>oled_software_i2c.o</file>
         <name>oled_software_i2c.o</name>
      </input_file>
      <input_file id="fl-a">
         <path>C:\Users\1\workspace_ccstheia\mpu6050-oled-software-i2c\Debug\.\Drivers\Ultrasonic_GPIO\</path>
         <kind>object</kind>
         <file>ultrasonic_gpio.o</file>
         <name>ultrasonic_gpio.o</name>
      </input_file>
      <input_file id="fl-b">
         <path>C:\Users\1\workspace_ccstheia\mpu6050-oled-software-i2c\Debug\.\Drivers\car\</path>
         <kind>object</kind>
         <file>car.o</file>
         <name>car.o</name>
      </input_file>
      <input_file id="fl-c">
         <path>C:\Users\1\workspace_ccstheia\mpu6050-oled-software-i2c\Debug\.\Drivers\pid\</path>
         <kind>object</kind>
         <file>pid.o</file>
         <name>pid.o</name>
      </input_file>
      <input_file id="fl-d">
         <path>C:\Users\1\workspace_ccstheia\mpu6050-oled-software-i2c\Debug\.\Drivers\servo\</path>
         <kind>object</kind>
         <file>servo.o</file>
         <name>servo.o</name>
      </input_file>
      <input_file id="fl-1b">
         <path>C:\Users\1\workspace_ccstheia\mpu6050-oled-software-i2c\Debug\</path>
         <kind>object</kind>
         <file>&lt;internal&gt;</file>
         <name>&lt;internal&gt;</name>
      </input_file>
      <input_file id="fl-1c">
         <path>D:\ti\mspm0_sdk_2_05_01_00\source\ti\driverlib\lib\ticlang\m0p\mspm0g1x0x_g3x0x\</path>
         <kind>archive</kind>
         <file>driverlib.a</file>
         <name>dl_adc12.o</name>
      </input_file>
      <input_file id="fl-1d">
         <path>D:\ti\mspm0_sdk_2_05_01_00\source\ti\driverlib\lib\ticlang\m0p\mspm0g1x0x_g3x0x\</path>
         <kind>archive</kind>
         <file>driverlib.a</file>
         <name>dl_common.o</name>
      </input_file>
      <input_file id="fl-1e">
         <path>D:\ti\mspm0_sdk_2_05_01_00\source\ti\driverlib\lib\ticlang\m0p\mspm0g1x0x_g3x0x\</path>
         <kind>archive</kind>
         <file>driverlib.a</file>
         <name>dl_i2c.o</name>
      </input_file>
      <input_file id="fl-1f">
         <path>D:\ti\mspm0_sdk_2_05_01_00\source\ti\driverlib\lib\ticlang\m0p\mspm0g1x0x_g3x0x\</path>
         <kind>archive</kind>
         <file>driverlib.a</file>
         <name>dl_timer.o</name>
      </input_file>
      <input_file id="fl-20">
         <path>D:\ti\mspm0_sdk_2_05_01_00\source\ti\driverlib\lib\ticlang\m0p\mspm0g1x0x_g3x0x\</path>
         <kind>archive</kind>
         <file>driverlib.a</file>
         <name>dl_uart.o</name>
      </input_file>
      <input_file id="fl-21">
         <path>D:\ti\mspm0_sdk_2_05_01_00\source\ti\driverlib\lib\ticlang\m0p\mspm0g1x0x_g3x0x\</path>
         <kind>archive</kind>
         <file>driverlib.a</file>
         <name>dl_sysctl_mspm0g1x0x_g3x0x.o</name>
      </input_file>
      <input_file id="fl-38">
         <path>D:\ti\ccs\tools\compiler\ti-cgt-armllvm_4.0.3.LTS\lib\armv6m-ti-none-eabi\c\</path>
         <kind>archive</kind>
         <file>libc.a</file>
         <name>sprintf.c.obj</name>
      </input_file>
      <input_file id="fl-39">
         <path>D:\ti\ccs\tools\compiler\ti-cgt-armllvm_4.0.3.LTS\lib\armv6m-ti-none-eabi\c\</path>
         <kind>archive</kind>
         <file>libc.a</file>
         <name>boot_cortex_m.c.obj</name>
      </input_file>
      <input_file id="fl-3a">
         <path>D:\ti\ccs\tools\compiler\ti-cgt-armllvm_4.0.3.LTS\lib\armv6m-ti-none-eabi\c\</path>
         <kind>archive</kind>
         <file>libc.a</file>
         <name>mathacl_init.c.obj</name>
      </input_file>
      <input_file id="fl-3b">
         <path>D:\ti\ccs\tools\compiler\ti-cgt-armllvm_4.0.3.LTS\lib\armv6m-ti-none-eabi\c\</path>
         <kind>archive</kind>
         <file>libc.a</file>
         <name>autoinit.c.obj</name>
      </input_file>
      <input_file id="fl-3c">
         <path>D:\ti\ccs\tools\compiler\ti-cgt-armllvm_4.0.3.LTS\lib\armv6m-ti-none-eabi\c\</path>
         <kind>archive</kind>
         <file>libc.a</file>
         <name>pre_init.c.obj</name>
      </input_file>
      <input_file id="fl-3d">
         <path>D:\ti\ccs\tools\compiler\ti-cgt-armllvm_4.0.3.LTS\lib\armv6m-ti-none-eabi\c\</path>
         <kind>archive</kind>
         <file>libc.a</file>
         <name>cpy_tbl.c.obj</name>
      </input_file>
      <input_file id="fl-3e">
         <path>D:\ti\ccs\tools\compiler\ti-cgt-armllvm_4.0.3.LTS\lib\armv6m-ti-none-eabi\c\</path>
         <kind>archive</kind>
         <file>libc.a</file>
         <name>copy_zero_init.c.obj</name>
      </input_file>
      <input_file id="fl-3f">
         <path>D:\ti\ccs\tools\compiler\ti-cgt-armllvm_4.0.3.LTS\lib\armv6m-ti-none-eabi\c\</path>
         <kind>archive</kind>
         <file>libc.a</file>
         <name>copy_decompress_none.c.obj</name>
      </input_file>
      <input_file id="fl-40">
         <path>D:\ti\ccs\tools\compiler\ti-cgt-armllvm_4.0.3.LTS\lib\armv6m-ti-none-eabi\c\</path>
         <kind>archive</kind>
         <file>libc.a</file>
         <name>copy_decompress_lzss.c.obj</name>
      </input_file>
      <input_file id="fl-41">
         <path>D:\ti\ccs\tools\compiler\ti-cgt-armllvm_4.0.3.LTS\lib\armv6m-ti-none-eabi\c\</path>
         <kind>archive</kind>
         <file>libc.a</file>
         <name>_printfi.c.obj</name>
      </input_file>
      <input_file id="fl-42">
         <path>D:\ti\ccs\tools\compiler\ti-cgt-armllvm_4.0.3.LTS\lib\armv6m-ti-none-eabi\c\</path>
         <kind>archive</kind>
         <file>libc.a</file>
         <name>s_frexp.c.obj</name>
      </input_file>
      <input_file id="fl-43">
         <path>D:\ti\ccs\tools\compiler\ti-cgt-armllvm_4.0.3.LTS\lib\armv6m-ti-none-eabi\c\</path>
         <kind>archive</kind>
         <file>libc.a</file>
         <name>s_scalbn.c.obj</name>
      </input_file>
      <input_file id="fl-44">
         <path>D:\ti\ccs\tools\compiler\ti-cgt-armllvm_4.0.3.LTS\lib\armv6m-ti-none-eabi\c\</path>
         <kind>archive</kind>
         <file>libc.a</file>
         <name>wcslen.c.obj</name>
      </input_file>
      <input_file id="fl-45">
         <path>D:\ti\ccs\tools\compiler\ti-cgt-armllvm_4.0.3.LTS\lib\armv6m-ti-none-eabi\c\</path>
         <kind>archive</kind>
         <file>libc.a</file>
         <name>aeabi_portable.c.obj</name>
      </input_file>
      <input_file id="fl-46">
         <path>D:\ti\ccs\tools\compiler\ti-cgt-armllvm_4.0.3.LTS\lib\armv6m-ti-none-eabi\c\</path>
         <kind>archive</kind>
         <file>libc.a</file>
         <name>exit.c.obj</name>
      </input_file>
      <input_file id="fl-47">
         <path>D:\ti\ccs\tools\compiler\ti-cgt-armllvm_4.0.3.LTS\lib\armv6m-ti-none-eabi\c\</path>
         <kind>archive</kind>
         <file>libc.a</file>
         <name>_lock.c.obj</name>
      </input_file>
      <input_file id="fl-48">
         <path>D:\ti\ccs\tools\compiler\ti-cgt-armllvm_4.0.3.LTS\lib\armv6m-ti-none-eabi\c\</path>
         <kind>archive</kind>
         <file>libc.a</file>
         <name>_ltoa.c.obj</name>
      </input_file>
      <input_file id="fl-49">
         <path>D:\ti\ccs\tools\compiler\ti-cgt-armllvm_4.0.3.LTS\lib\armv6m-ti-none-eabi\c\</path>
         <kind>archive</kind>
         <file>libc.a</file>
         <name>args_main.c.obj</name>
      </input_file>
      <input_file id="fl-4a">
         <path>D:\ti\ccs\tools\compiler\ti-cgt-armllvm_4.0.3.LTS\lib\armv6m-ti-none-eabi\c\</path>
         <kind>archive</kind>
         <file>libc.a</file>
         <name>assert.c.obj</name>
      </input_file>
      <input_file id="fl-4b">
         <path>D:\ti\ccs\tools\compiler\ti-cgt-armllvm_4.0.3.LTS\lib\armv6m-ti-none-eabi\c\</path>
         <kind>archive</kind>
         <file>libc.a</file>
         <name>atoi.c.obj</name>
      </input_file>
      <input_file id="fl-4c">
         <path>D:\ti\ccs\tools\compiler\ti-cgt-armllvm_4.0.3.LTS\lib\armv6m-ti-none-eabi\c\</path>
         <kind>archive</kind>
         <file>libc.a</file>
         <name>defs.c.obj</name>
      </input_file>
      <input_file id="fl-4d">
         <path>D:\ti\ccs\tools\compiler\ti-cgt-armllvm_4.0.3.LTS\lib\armv6m-ti-none-eabi\c\</path>
         <kind>archive</kind>
         <file>libc.a</file>
         <name>memccpy.c.obj</name>
      </input_file>
      <input_file id="fl-4e">
         <path>D:\ti\ccs\tools\compiler\ti-cgt-armllvm_4.0.3.LTS\lib\armv6m-ti-none-eabi\c\</path>
         <kind>archive</kind>
         <file>libc.a</file>
         <name>memory.c.obj</name>
      </input_file>
      <input_file id="fl-4f">
         <path>D:\ti\ccs\tools\compiler\ti-cgt-armllvm_4.0.3.LTS\lib\armv6m-ti-none-eabi\c\</path>
         <kind>archive</kind>
         <file>libc.a</file>
         <name>fflush.c.obj</name>
      </input_file>
      <input_file id="fl-50">
         <path>D:\ti\ccs\tools\compiler\ti-cgt-armllvm_4.0.3.LTS\lib\armv6m-ti-none-eabi\c\</path>
         <kind>archive</kind>
         <file>libc.a</file>
         <name>fputs.c.obj</name>
      </input_file>
      <input_file id="fl-51">
         <path>D:\ti\ccs\tools\compiler\ti-cgt-armllvm_4.0.3.LTS\lib\armv6m-ti-none-eabi\c\</path>
         <kind>archive</kind>
         <file>libc.a</file>
         <name>_io_perm.c.obj</name>
      </input_file>
      <input_file id="fl-52">
         <path>D:\ti\ccs\tools\compiler\ti-cgt-armllvm_4.0.3.LTS\lib\armv6m-ti-none-eabi\c\</path>
         <kind>archive</kind>
         <file>libc.a</file>
         <name>setvbuf.c.obj</name>
      </input_file>
      <input_file id="fl-53">
         <path>D:\ti\ccs\tools\compiler\ti-cgt-armllvm_4.0.3.LTS\lib\armv6m-ti-none-eabi\c\</path>
         <kind>archive</kind>
         <file>libc.a</file>
         <name>aeabi_ctype.S.obj</name>
      </input_file>
      <input_file id="fl-54">
         <path>D:\ti\ccs\tools\compiler\ti-cgt-armllvm_4.0.3.LTS\lib\armv6m-ti-none-eabi\c\</path>
         <kind>archive</kind>
         <file>libc.a</file>
         <name>fopen.c.obj</name>
      </input_file>
      <input_file id="fl-55">
         <path>D:\ti\ccs\tools\compiler\ti-cgt-armllvm_4.0.3.LTS\lib\armv6m-ti-none-eabi\c\</path>
         <kind>archive</kind>
         <file>libc.a</file>
         <name>fseek.c.obj</name>
      </input_file>
      <input_file id="fl-56">
         <path>D:\ti\ccs\tools\compiler\ti-cgt-armllvm_4.0.3.LTS\lib\armv6m-ti-none-eabi\c\</path>
         <kind>archive</kind>
         <file>libc.a</file>
         <name>fclose.c.obj</name>
      </input_file>
      <input_file id="fl-f6">
         <path>D:\ti\ccs\tools\compiler\ti-cgt-armllvm_4.0.3.LTS\lib\armv6m-ti-none-eabi\c\</path>
         <kind>archive</kind>
         <file>libsysbm.a</file>
         <name>hostexit.c.obj</name>
      </input_file>
      <input_file id="fl-f7">
         <path>D:\ti\ccs\tools\compiler\ti-cgt-armllvm_4.0.3.LTS\lib\armv6m-ti-none-eabi\c\</path>
         <kind>archive</kind>
         <file>libsysbm.a</file>
         <name>write.c.obj</name>
      </input_file>
      <input_file id="fl-f8">
         <path>D:\ti\ccs\tools\compiler\ti-cgt-armllvm_4.0.3.LTS\lib\armv6m-ti-none-eabi\c\</path>
         <kind>archive</kind>
         <file>libsysbm.a</file>
         <name>host_device.c.obj</name>
      </input_file>
      <input_file id="fl-f9">
         <path>D:\ti\ccs\tools\compiler\ti-cgt-armllvm_4.0.3.LTS\lib\armv6m-ti-none-eabi\c\</path>
         <kind>archive</kind>
         <file>libsysbm.a</file>
         <name>remove.c.obj</name>
      </input_file>
      <input_file id="fl-fa">
         <path>D:\ti\ccs\tools\compiler\ti-cgt-armllvm_4.0.3.LTS\lib\armv6m-ti-none-eabi\c\</path>
         <kind>archive</kind>
         <file>libsysbm.a</file>
         <name>open.c.obj</name>
      </input_file>
      <input_file id="fl-fb">
         <path>D:\ti\ccs\tools\compiler\ti-cgt-armllvm_4.0.3.LTS\lib\armv6m-ti-none-eabi\c\</path>
         <kind>archive</kind>
         <file>libsysbm.a</file>
         <name>lseek.c.obj</name>
      </input_file>
      <input_file id="fl-fc">
         <path>D:\ti\ccs\tools\compiler\ti-cgt-armllvm_4.0.3.LTS\lib\armv6m-ti-none-eabi\c\</path>
         <kind>archive</kind>
         <file>libsysbm.a</file>
         <name>close.c.obj</name>
      </input_file>
      <input_file id="fl-fd">
         <path>D:\ti\ccs\tools\compiler\ti-cgt-armllvm_4.0.3.LTS\lib\armv6m-ti-none-eabi\c\</path>
         <kind>archive</kind>
         <file>libsysbm.a</file>
         <name>unlink.c.obj</name>
      </input_file>
      <input_file id="fl-fe">
         <path>D:\ti\ccs\tools\compiler\ti-cgt-armllvm_4.0.3.LTS\lib\armv6m-ti-none-eabi\c\</path>
         <kind>archive</kind>
         <file>libsysbm.a</file>
         <name>hostclose.c.obj</name>
      </input_file>
      <input_file id="fl-ff">
         <path>D:\ti\ccs\tools\compiler\ti-cgt-armllvm_4.0.3.LTS\lib\armv6m-ti-none-eabi\c\</path>
         <kind>archive</kind>
         <file>libsysbm.a</file>
         <name>hostlseek.c.obj</name>
      </input_file>
      <input_file id="fl-100">
         <path>D:\ti\ccs\tools\compiler\ti-cgt-armllvm_4.0.3.LTS\lib\armv6m-ti-none-eabi\c\</path>
         <kind>archive</kind>
         <file>libsysbm.a</file>
         <name>hostopen.c.obj</name>
      </input_file>
      <input_file id="fl-101">
         <path>D:\ti\ccs\tools\compiler\ti-cgt-armllvm_4.0.3.LTS\lib\armv6m-ti-none-eabi\c\</path>
         <kind>archive</kind>
         <file>libsysbm.a</file>
         <name>hostread.c.obj</name>
      </input_file>
      <input_file id="fl-102">
         <path>D:\ti\ccs\tools\compiler\ti-cgt-armllvm_4.0.3.LTS\lib\armv6m-ti-none-eabi\c\</path>
         <kind>archive</kind>
         <file>libsysbm.a</file>
         <name>hostrename.c.obj</name>
      </input_file>
      <input_file id="fl-103">
         <path>D:\ti\ccs\tools\compiler\ti-cgt-armllvm_4.0.3.LTS\lib\armv6m-ti-none-eabi\c\</path>
         <kind>archive</kind>
         <file>libsysbm.a</file>
         <name>hostunlink.c.obj</name>
      </input_file>
      <input_file id="fl-104">
         <path>D:\ti\ccs\tools\compiler\ti-cgt-armllvm_4.0.3.LTS\lib\armv6m-ti-none-eabi\c\</path>
         <kind>archive</kind>
         <file>libsysbm.a</file>
         <name>hostwrite.c.obj</name>
      </input_file>
      <input_file id="fl-105">
         <path>D:\ti\ccs\tools\compiler\ti-cgt-armllvm_4.0.3.LTS\lib\armv6m-ti-none-eabi\c\</path>
         <kind>archive</kind>
         <file>libsysbm.a</file>
         <name>trgmsg.c.obj</name>
      </input_file>
      <input_file id="fl-106">
         <path>D:\ti\ccs\tools\compiler\ti-cgt-armllvm_4.0.3.LTS\lib\armv6m-ti-none-eabi\</path>
         <kind>archive</kind>
         <file>libclang_rt.builtins.a</file>
         <name>addsf3.S.obj</name>
      </input_file>
      <input_file id="fl-107">
         <path>D:\ti\ccs\tools\compiler\ti-cgt-armllvm_4.0.3.LTS\lib\armv6m-ti-none-eabi\</path>
         <kind>archive</kind>
         <file>libclang_rt.builtins.a</file>
         <name>adddf3.S.obj</name>
      </input_file>
      <input_file id="fl-108">
         <path>D:\ti\ccs\tools\compiler\ti-cgt-armllvm_4.0.3.LTS\lib\armv6m-ti-none-eabi\</path>
         <kind>archive</kind>
         <file>libclang_rt.builtins.a</file>
         <name>muldf3.S.obj</name>
      </input_file>
      <input_file id="fl-109">
         <path>D:\ti\ccs\tools\compiler\ti-cgt-armllvm_4.0.3.LTS\lib\armv6m-ti-none-eabi\</path>
         <kind>archive</kind>
         <file>libclang_rt.builtins.a</file>
         <name>muldsi3.S.obj</name>
      </input_file>
      <input_file id="fl-10a">
         <path>D:\ti\ccs\tools\compiler\ti-cgt-armllvm_4.0.3.LTS\lib\armv6m-ti-none-eabi\</path>
         <kind>archive</kind>
         <file>libclang_rt.builtins.a</file>
         <name>mulsf3.S.obj</name>
      </input_file>
      <input_file id="fl-10b">
         <path>D:\ti\ccs\tools\compiler\ti-cgt-armllvm_4.0.3.LTS\lib\armv6m-ti-none-eabi\</path>
         <kind>archive</kind>
         <file>libclang_rt.builtins.a</file>
         <name>divsf3.S.obj</name>
      </input_file>
      <input_file id="fl-10c">
         <path>D:\ti\ccs\tools\compiler\ti-cgt-armllvm_4.0.3.LTS\lib\armv6m-ti-none-eabi\</path>
         <kind>archive</kind>
         <file>libclang_rt.builtins.a</file>
         <name>divdf3.S.obj</name>
      </input_file>
      <input_file id="fl-10d">
         <path>D:\ti\ccs\tools\compiler\ti-cgt-armllvm_4.0.3.LTS\lib\armv6m-ti-none-eabi\</path>
         <kind>archive</kind>
         <file>libclang_rt.builtins.a</file>
         <name>extendsfdf2.S.obj</name>
      </input_file>
      <input_file id="fl-10e">
         <path>D:\ti\ccs\tools\compiler\ti-cgt-armllvm_4.0.3.LTS\lib\armv6m-ti-none-eabi\</path>
         <kind>archive</kind>
         <file>libclang_rt.builtins.a</file>
         <name>fixdfsi.S.obj</name>
      </input_file>
      <input_file id="fl-10f">
         <path>D:\ti\ccs\tools\compiler\ti-cgt-armllvm_4.0.3.LTS\lib\armv6m-ti-none-eabi\</path>
         <kind>archive</kind>
         <file>libclang_rt.builtins.a</file>
         <name>fixsfsi.S.obj</name>
      </input_file>
      <input_file id="fl-110">
         <path>D:\ti\ccs\tools\compiler\ti-cgt-armllvm_4.0.3.LTS\lib\armv6m-ti-none-eabi\</path>
         <kind>archive</kind>
         <file>libclang_rt.builtins.a</file>
         <name>fixunssfsi.S.obj</name>
      </input_file>
      <input_file id="fl-111">
         <path>D:\ti\ccs\tools\compiler\ti-cgt-armllvm_4.0.3.LTS\lib\armv6m-ti-none-eabi\</path>
         <kind>archive</kind>
         <file>libclang_rt.builtins.a</file>
         <name>floatsidf.S.obj</name>
      </input_file>
      <input_file id="fl-112">
         <path>D:\ti\ccs\tools\compiler\ti-cgt-armllvm_4.0.3.LTS\lib\armv6m-ti-none-eabi\</path>
         <kind>archive</kind>
         <file>libclang_rt.builtins.a</file>
         <name>floatsisf.S.obj</name>
      </input_file>
      <input_file id="fl-113">
         <path>D:\ti\ccs\tools\compiler\ti-cgt-armllvm_4.0.3.LTS\lib\armv6m-ti-none-eabi\</path>
         <kind>archive</kind>
         <file>libclang_rt.builtins.a</file>
         <name>floatunsidf.S.obj</name>
      </input_file>
      <input_file id="fl-114">
         <path>D:\ti\ccs\tools\compiler\ti-cgt-armllvm_4.0.3.LTS\lib\armv6m-ti-none-eabi\</path>
         <kind>archive</kind>
         <file>libclang_rt.builtins.a</file>
         <name>floatunsisf.S.obj</name>
      </input_file>
      <input_file id="fl-115">
         <path>D:\ti\ccs\tools\compiler\ti-cgt-armllvm_4.0.3.LTS\lib\armv6m-ti-none-eabi\</path>
         <kind>archive</kind>
         <file>libclang_rt.builtins.a</file>
         <name>muldi3.S.obj</name>
      </input_file>
      <input_file id="fl-116">
         <path>D:\ti\ccs\tools\compiler\ti-cgt-armllvm_4.0.3.LTS\lib\armv6m-ti-none-eabi\</path>
         <kind>archive</kind>
         <file>libclang_rt.builtins.a</file>
         <name>aeabi_dcmp.S.obj</name>
      </input_file>
      <input_file id="fl-117">
         <path>D:\ti\ccs\tools\compiler\ti-cgt-armllvm_4.0.3.LTS\lib\armv6m-ti-none-eabi\</path>
         <kind>archive</kind>
         <file>libclang_rt.builtins.a</file>
         <name>aeabi_fcmp.S.obj</name>
      </input_file>
      <input_file id="fl-118">
         <path>D:\ti\ccs\tools\compiler\ti-cgt-armllvm_4.0.3.LTS\lib\armv6m-ti-none-eabi\</path>
         <kind>archive</kind>
         <file>libclang_rt.builtins.a</file>
         <name>aeabi_idivmod.S.obj</name>
      </input_file>
      <input_file id="fl-119">
         <path>D:\ti\ccs\tools\compiler\ti-cgt-armllvm_4.0.3.LTS\lib\armv6m-ti-none-eabi\</path>
         <kind>archive</kind>
         <file>libclang_rt.builtins.a</file>
         <name>aeabi_memcpy.S.obj</name>
      </input_file>
      <input_file id="fl-11a">
         <path>D:\ti\ccs\tools\compiler\ti-cgt-armllvm_4.0.3.LTS\lib\armv6m-ti-none-eabi\</path>
         <kind>archive</kind>
         <file>libclang_rt.builtins.a</file>
         <name>aeabi_memset.S.obj</name>
      </input_file>
      <input_file id="fl-11b">
         <path>D:\ti\ccs\tools\compiler\ti-cgt-armllvm_4.0.3.LTS\lib\armv6m-ti-none-eabi\</path>
         <kind>archive</kind>
         <file>libclang_rt.builtins.a</file>
         <name>aeabi_uidivmod.S.obj</name>
      </input_file>
      <input_file id="fl-11c">
         <path>D:\ti\ccs\tools\compiler\ti-cgt-armllvm_4.0.3.LTS\lib\armv6m-ti-none-eabi\</path>
         <kind>archive</kind>
         <file>libclang_rt.builtins.a</file>
         <name>aeabi_uldivmod.S.obj</name>
      </input_file>
      <input_file id="fl-11d">
         <path>D:\ti\ccs\tools\compiler\ti-cgt-armllvm_4.0.3.LTS\lib\armv6m-ti-none-eabi\</path>
         <kind>archive</kind>
         <file>libclang_rt.builtins.a</file>
         <name>comparesf2.S.obj</name>
      </input_file>
      <input_file id="fl-11e">
         <path>D:\ti\ccs\tools\compiler\ti-cgt-armllvm_4.0.3.LTS\lib\armv6m-ti-none-eabi\</path>
         <kind>archive</kind>
         <file>libclang_rt.builtins.a</file>
         <name>udivmoddi4.S.obj</name>
      </input_file>
      <input_file id="fl-11f">
         <path>D:\ti\ccs\tools\compiler\ti-cgt-armllvm_4.0.3.LTS\lib\armv6m-ti-none-eabi\</path>
         <kind>archive</kind>
         <file>libclang_rt.builtins.a</file>
         <name>ashldi3.S.obj</name>
      </input_file>
      <input_file id="fl-120">
         <path>D:\ti\ccs\tools\compiler\ti-cgt-armllvm_4.0.3.LTS\lib\armv6m-ti-none-eabi\</path>
         <kind>archive</kind>
         <file>libclang_rt.builtins.a</file>
         <name>comparedf2.c.obj</name>
      </input_file>
      <input_file id="fl-121">
         <path>D:\ti\ccs\tools\compiler\ti-cgt-armllvm_4.0.3.LTS\lib\armv6m-ti-none-eabi\</path>
         <kind>archive</kind>
         <file>libclang_rt.builtins.a</file>
         <name>aeabi_div0.c.obj</name>
      </input_file>
      <input_file id="fl-122">
         <path>D:\ti\ccs\tools\compiler\ti-cgt-armllvm_4.0.3.LTS\lib\armv6m-ti-none-eabi\c\</path>
         <kind>archive</kind>
         <file>libc.a</file>
         <name>getdevice.c.obj</name>
      </input_file>
      <input_file id="fl-123">
         <path>D:\ti\ccs\tools\compiler\ti-cgt-armllvm_4.0.3.LTS\lib\armv6m-ti-none-eabi\c\</path>
         <kind>archive</kind>
         <file>libc.a</file>
         <name>memcpy16.S.obj</name>
      </input_file>
      <input_file id="fl-124">
         <path>D:\ti\ccs\tools\compiler\ti-cgt-armllvm_4.0.3.LTS\lib\armv6m-ti-none-eabi\c\</path>
         <kind>archive</kind>
         <file>libc.a</file>
         <name>memset16.S.obj</name>
      </input_file>
      <input_file id="fl-125">
         <path>D:\ti\ccs\tools\compiler\ti-cgt-armllvm_4.0.3.LTS\lib\armv6m-ti-none-eabi\c\</path>
         <kind>archive</kind>
         <file>libc.a</file>
         <name>strcmp-armv6m.S.obj</name>
      </input_file>
   </input_file_list>
   <object_component_list>
      <object_component id="oc-18">
         <name>.intvecs</name>
         <load_address>0x0</load_address>
         <readonly>true</readonly>
         <run_address>0x0</run_address>
         <size>0xc0</size>
         <alignment>0x4</alignment>
         <input_file_ref idref="fl-3"/>
      </object_component>
      <object_component id="oc-d2">
         <name>.text.track_line</name>
         <load_address>0xc0</load_address>
         <readonly>true</readonly>
         <executable>true</executable>
         <run_address>0xc0</run_address>
         <size>0x8f0</size>
         <alignment>0x4</alignment>
         <input_file_ref idref="fl-b"/>
      </object_component>
      <object_component id="oc-1fe">
         <name>.text:__TI_printfi_minimal</name>
         <load_address>0x9b0</load_address>
         <readonly>true</readonly>
         <executable>true</executable>
         <run_address>0x9b0</run_address>
         <size>0x284</size>
         <alignment>0x4</alignment>
         <input_file_ref idref="fl-41"/>
      </object_component>
      <object_component id="oc-101">
         <name>.text.SYSCFG_DL_GPIO_init</name>
         <load_address>0xc34</load_address>
         <readonly>true</readonly>
         <executable>true</executable>
         <run_address>0xc34</run_address>
         <size>0x1bc</size>
         <alignment>0x4</alignment>
         <input_file_ref idref="fl-2"/>
      </object_component>
      <object_component id="oc-13f">
         <name>.text.Get_Analog_value</name>
         <load_address>0xdf0</load_address>
         <readonly>true</readonly>
         <executable>true</executable>
         <run_address>0xdf0</run_address>
         <size>0x1a4</size>
         <alignment>0x4</alignment>
         <input_file_ref idref="fl-8"/>
      </object_component>
      <object_component id="oc-11d">
         <name>.text.adddf3_subdf3</name>
         <load_address>0xf94</load_address>
         <readonly>true</readonly>
         <executable>true</executable>
         <run_address>0xf94</run_address>
         <size>0x192</size>
         <alignment>0x4</alignment>
         <input_file_ref idref="fl-107"/>
      </object_component>
      <object_component id="oc-1d0">
         <name>.text.__aeabi_idiv0</name>
         <load_address>0x1126</load_address>
         <readonly>true</readonly>
         <executable>true</executable>
         <run_address>0x1126</run_address>
         <size>0x2</size>
         <alignment>0x2</alignment>
         <input_file_ref idref="fl-121"/>
      </object_component>
      <object_component id="oc-b8">
         <name>.text.No_MCU_Ganv_Sensor_Init</name>
         <load_address>0x1128</load_address>
         <readonly>true</readonly>
         <executable>true</executable>
         <run_address>0x1128</run_address>
         <size>0x188</size>
         <alignment>0x4</alignment>
         <input_file_ref idref="fl-8"/>
      </object_component>
      <object_component id="oc-8c">
         <name>.text.main</name>
         <load_address>0x12b0</load_address>
         <readonly>true</readonly>
         <executable>true</executable>
         <run_address>0x12b0</run_address>
         <size>0x188</size>
         <alignment>0x4</alignment>
         <input_file_ref idref="fl-1"/>
      </object_component>
      <object_component id="oc-39">
         <name>.text.GROUP1_IRQHandler</name>
         <load_address>0x1438</load_address>
         <readonly>true</readonly>
         <executable>true</executable>
         <run_address>0x1438</run_address>
         <size>0x170</size>
         <alignment>0x4</alignment>
         <input_file_ref idref="fl-7"/>
      </object_component>
      <object_component id="oc-14a">
         <name>.text.OLED_ShowChar</name>
         <load_address>0x15a8</load_address>
         <readonly>true</readonly>
         <executable>true</executable>
         <run_address>0x15a8</run_address>
         <size>0x118</size>
         <alignment>0x4</alignment>
         <input_file_ref idref="fl-9"/>
      </object_component>
      <object_component id="oc-121">
         <name>.text.__divdf3</name>
         <load_address>0x16c0</load_address>
         <readonly>true</readonly>
         <executable>true</executable>
         <run_address>0x16c0</run_address>
         <size>0x10c</size>
         <alignment>0x4</alignment>
         <input_file_ref idref="fl-10c"/>
      </object_component>
      <object_component id="oc-193">
         <name>.text.DL_Timer_initFourCCPWMMode</name>
         <load_address>0x17cc</load_address>
         <readonly>true</readonly>
         <executable>true</executable>
         <run_address>0x17cc</run_address>
         <size>0x104</size>
         <alignment>0x4</alignment>
         <input_file_ref idref="fl-1f"/>
      </object_component>
      <object_component id="oc-b3">
         <name>.text.OLED_Init</name>
         <load_address>0x18d0</load_address>
         <readonly>true</readonly>
         <executable>true</executable>
         <run_address>0x18d0</run_address>
         <size>0xfa</size>
         <alignment>0x2</alignment>
         <input_file_ref idref="fl-9"/>
      </object_component>
      <object_component id="oc-19d">
         <name>.text.DL_Timer_initTimerMode</name>
         <load_address>0x19cc</load_address>
         <readonly>true</readonly>
         <executable>true</executable>
         <run_address>0x19cc</run_address>
         <size>0xe8</size>
         <alignment>0x4</alignment>
         <input_file_ref idref="fl-1f"/>
      </object_component>
      <object_component id="oc-1f2">
         <name>.text.__muldf3</name>
         <load_address>0x1ab4</load_address>
         <readonly>true</readonly>
         <executable>true</executable>
         <run_address>0x1ab4</run_address>
         <size>0xe4</size>
         <alignment>0x4</alignment>
         <input_file_ref idref="fl-108"/>
      </object_component>
      <object_component id="oc-188">
         <name>.text.DL_SYSCTL_configSYSPLL</name>
         <load_address>0x1b98</load_address>
         <readonly>true</readonly>
         <executable>true</executable>
         <run_address>0x1b98</run_address>
         <size>0xdc</size>
         <alignment>0x4</alignment>
         <input_file_ref idref="fl-21"/>
      </object_component>
      <object_component id="oc-12f">
         <name>.text</name>
         <load_address>0x1c74</load_address>
         <readonly>true</readonly>
         <executable>true</executable>
         <run_address>0x1c74</run_address>
         <size>0xd8</size>
         <alignment>0x4</alignment>
         <input_file_ref idref="fl-106"/>
      </object_component>
      <object_component id="oc-3e">
         <name>.text.UART2_IRQHandler</name>
         <load_address>0x1d4c</load_address>
         <readonly>true</readonly>
         <executable>true</executable>
         <run_address>0x1d4c</run_address>
         <size>0xb4</size>
         <alignment>0x4</alignment>
         <input_file_ref idref="fl-5"/>
      </object_component>
      <object_component id="oc-100">
         <name>.text.SYSCFG_DL_initPower</name>
         <load_address>0x1e00</load_address>
         <readonly>true</readonly>
         <executable>true</executable>
         <run_address>0x1e00</run_address>
         <size>0xb0</size>
         <alignment>0x4</alignment>
         <input_file_ref idref="fl-2"/>
      </object_component>
      <object_component id="oc-141">
         <name>.text.normalizeAnalogValues</name>
         <load_address>0x1eb0</load_address>
         <readonly>true</readonly>
         <executable>true</executable>
         <run_address>0x1eb0</run_address>
         <size>0xaa</size>
         <alignment>0x2</alignment>
         <input_file_ref idref="fl-8"/>
      </object_component>
      <object_component id="oc-103">
         <name>.text.SYSCFG_DL_PWM_0_init</name>
         <load_address>0x1f5c</load_address>
         <readonly>true</readonly>
         <executable>true</executable>
         <run_address>0x1f5c</run_address>
         <size>0x8c</size>
         <alignment>0x4</alignment>
         <input_file_ref idref="fl-2"/>
      </object_component>
      <object_component id="oc-104">
         <name>.text.SYSCFG_DL_servo_init</name>
         <load_address>0x1fe8</load_address>
         <readonly>true</readonly>
         <executable>true</executable>
         <run_address>0x1fe8</run_address>
         <size>0x8c</size>
         <alignment>0x4</alignment>
         <input_file_ref idref="fl-2"/>
      </object_component>
      <object_component id="oc-12b">
         <name>.text.__mulsf3</name>
         <load_address>0x2074</load_address>
         <readonly>true</readonly>
         <executable>true</executable>
         <run_address>0x2074</run_address>
         <size>0x8c</size>
         <alignment>0x4</alignment>
         <input_file_ref idref="fl-10a"/>
      </object_component>
      <object_component id="oc-ff">
         <name>.text.__NVIC_SetPriority</name>
         <load_address>0x2100</load_address>
         <readonly>true</readonly>
         <executable>true</executable>
         <run_address>0x2100</run_address>
         <size>0x84</size>
         <alignment>0x4</alignment>
         <input_file_ref idref="fl-6"/>
      </object_component>
      <object_component id="oc-190">
         <name>.text.__NVIC_SetPriority</name>
         <load_address>0x2184</load_address>
         <readonly>true</readonly>
         <executable>true</executable>
         <run_address>0x2184</run_address>
         <size>0x84</size>
         <alignment>0x4</alignment>
         <input_file_ref idref="fl-2"/>
      </object_component>
      <object_component id="oc-127">
         <name>.text.__divsf3</name>
         <load_address>0x2208</load_address>
         <readonly>true</readonly>
         <executable>true</executable>
         <run_address>0x2208</run_address>
         <size>0x82</size>
         <alignment>0x4</alignment>
         <input_file_ref idref="fl-10b"/>
      </object_component>
      <object_component id="oc-1c">
         <name>.text:decompress:lzss</name>
         <load_address>0x228c</load_address>
         <readonly>true</readonly>
         <executable>true</executable>
         <run_address>0x228c</run_address>
         <size>0x7c</size>
         <alignment>0x4</alignment>
         <input_file_ref idref="fl-40"/>
      </object_component>
      <object_component id="oc-1cd">
         <name>.text.Send_Byte</name>
         <load_address>0x2308</load_address>
         <readonly>true</readonly>
         <executable>true</executable>
         <run_address>0x2308</run_address>
         <size>0x74</size>
         <alignment>0x4</alignment>
         <input_file_ref idref="fl-9"/>
      </object_component>
      <object_component id="oc-238">
         <name>.text.__gedf2</name>
         <load_address>0x237c</load_address>
         <readonly>true</readonly>
         <executable>true</executable>
         <run_address>0x237c</run_address>
         <size>0x74</size>
         <alignment>0x4</alignment>
         <input_file_ref idref="fl-120"/>
      </object_component>
      <object_component id="oc-114">
         <name>.text.No_MCU_Ganv_Sensor_Init_Frist</name>
         <load_address>0x23f0</load_address>
         <readonly>true</readonly>
         <executable>true</executable>
         <run_address>0x23f0</run_address>
         <size>0x72</size>
         <alignment>0x2</alignment>
         <input_file_ref idref="fl-8"/>
      </object_component>
      <object_component id="oc-d1">
         <name>.text.OLED_ShowString</name>
         <load_address>0x2462</load_address>
         <readonly>true</readonly>
         <executable>true</executable>
         <run_address>0x2462</run_address>
         <size>0x70</size>
         <alignment>0x2</alignment>
         <input_file_ref idref="fl-9"/>
      </object_component>
      <object_component id="oc-140">
         <name>.text.convertAnalogToDigital</name>
         <load_address>0x24d2</load_address>
         <readonly>true</readonly>
         <executable>true</executable>
         <run_address>0x24d2</run_address>
         <size>0x6c</size>
         <alignment>0x2</alignment>
         <input_file_ref idref="fl-8"/>
      </object_component>
      <object_component id="oc-111">
         <name>.text.OLED_Clear</name>
         <load_address>0x253e</load_address>
         <readonly>true</readonly>
         <executable>true</executable>
         <run_address>0x253e</run_address>
         <size>0x6a</size>
         <alignment>0x2</alignment>
         <input_file_ref idref="fl-9"/>
      </object_component>
      <object_component id="oc-232">
         <name>.text.__ledf2</name>
         <load_address>0x25a8</load_address>
         <readonly>true</readonly>
         <executable>true</executable>
         <run_address>0x25a8</run_address>
         <size>0x68</size>
         <alignment>0x4</alignment>
         <input_file_ref idref="fl-120"/>
      </object_component>
      <object_component id="oc-209">
         <name>.text.Motor_LeftSpeed</name>
         <load_address>0x2610</load_address>
         <readonly>true</readonly>
         <executable>true</executable>
         <run_address>0x2610</run_address>
         <size>0x64</size>
         <alignment>0x4</alignment>
         <input_file_ref idref="fl-b"/>
      </object_component>
      <object_component id="oc-20a">
         <name>.text.Motor_RightSpeed</name>
         <load_address>0x2674</load_address>
         <readonly>true</readonly>
         <executable>true</executable>
         <run_address>0x2674</run_address>
         <size>0x64</size>
         <alignment>0x4</alignment>
         <input_file_ref idref="fl-b"/>
      </object_component>
      <object_component id="oc-1fa">
         <name>.text.__aeabi_dcmp</name>
         <load_address>0x26d8</load_address>
         <readonly>true</readonly>
         <executable>true</executable>
         <run_address>0x26d8</run_address>
         <size>0x62</size>
         <alignment>0x4</alignment>
         <input_file_ref idref="fl-116"/>
      </object_component>
      <object_component id="oc-107">
         <name>.text.SYSCFG_DL_I2C_MPU6050_init</name>
         <load_address>0x273c</load_address>
         <readonly>true</readonly>
         <executable>true</executable>
         <run_address>0x273c</run_address>
         <size>0x58</size>
         <alignment>0x4</alignment>
         <input_file_ref idref="fl-2"/>
      </object_component>
      <object_component id="oc-fe">
         <name>.text.SysTick_Config</name>
         <load_address>0x2794</load_address>
         <readonly>true</readonly>
         <executable>true</executable>
         <run_address>0x2794</run_address>
         <size>0x50</size>
         <alignment>0x4</alignment>
         <input_file_ref idref="fl-6"/>
      </object_component>
      <object_component id="oc-1ca">
         <name>.text.SysTick_Config</name>
         <load_address>0x27e4</load_address>
         <readonly>true</readonly>
         <executable>true</executable>
         <run_address>0x27e4</run_address>
         <size>0x50</size>
         <alignment>0x4</alignment>
         <input_file_ref idref="fl-2"/>
      </object_component>
      <object_component id="oc-110">
         <name>.text.OLED_WR_Byte</name>
         <load_address>0x2834</load_address>
         <readonly>true</readonly>
         <executable>true</executable>
         <run_address>0x2834</run_address>
         <size>0x4e</size>
         <alignment>0x2</alignment>
         <input_file_ref idref="fl-9"/>
      </object_component>
      <object_component id="oc-1ba">
         <name>.text.DL_UART_setBaudRateDivisor</name>
         <load_address>0x2884</load_address>
         <readonly>true</readonly>
         <executable>true</executable>
         <run_address>0x2884</run_address>
         <size>0x4c</size>
         <alignment>0x4</alignment>
         <input_file_ref idref="fl-2"/>
      </object_component>
      <object_component id="oc-109">
         <name>.text.SYSCFG_DL_ADC1_init</name>
         <load_address>0x28d0</load_address>
         <readonly>true</readonly>
         <executable>true</executable>
         <run_address>0x28d0</run_address>
         <size>0x4c</size>
         <alignment>0x4</alignment>
         <input_file_ref idref="fl-2"/>
      </object_component>
      <object_component id="oc-1c5">
         <name>.text.DL_ADC12_configConversionMem</name>
         <load_address>0x291c</load_address>
         <readonly>true</readonly>
         <executable>true</executable>
         <run_address>0x291c</run_address>
         <size>0x4a</size>
         <alignment>0x2</alignment>
         <input_file_ref idref="fl-2"/>
      </object_component>
      <object_component id="oc-1f6">
         <name>.text.__fixdfsi</name>
         <load_address>0x2968</load_address>
         <readonly>true</readonly>
         <executable>true</executable>
         <run_address>0x2968</run_address>
         <size>0x4a</size>
         <alignment>0x4</alignment>
         <input_file_ref idref="fl-10e"/>
      </object_component>
      <object_component id="oc-1b8">
         <name>.text.DL_UART_init</name>
         <load_address>0x29b4</load_address>
         <readonly>true</readonly>
         <executable>true</executable>
         <run_address>0x29b4</run_address>
         <size>0x48</size>
         <alignment>0x4</alignment>
         <input_file_ref idref="fl-20"/>
      </object_component>
      <object_component id="oc-102">
         <name>.text.SYSCFG_DL_SYSCTL_init</name>
         <load_address>0x29fc</load_address>
         <readonly>true</readonly>
         <executable>true</executable>
         <run_address>0x29fc</run_address>
         <size>0x48</size>
         <alignment>0x4</alignment>
         <input_file_ref idref="fl-2"/>
      </object_component>
      <object_component id="oc-108">
         <name>.text.SYSCFG_DL_UART_0_init</name>
         <load_address>0x2a44</load_address>
         <readonly>true</readonly>
         <executable>true</executable>
         <run_address>0x2a44</run_address>
         <size>0x48</size>
         <alignment>0x4</alignment>
         <input_file_ref idref="fl-2"/>
      </object_component>
      <object_component id="oc-ad">
         <name>.text.SYSCFG_DL_init</name>
         <load_address>0x2a8c</load_address>
         <readonly>true</readonly>
         <executable>true</executable>
         <run_address>0x2a8c</run_address>
         <size>0x48</size>
         <alignment>0x4</alignment>
         <input_file_ref idref="fl-2"/>
      </object_component>
      <object_component id="oc-1e9">
         <name>.text.adc_getValue</name>
         <load_address>0x2ad4</load_address>
         <readonly>true</readonly>
         <executable>true</executable>
         <run_address>0x2ad4</run_address>
         <size>0x48</size>
         <alignment>0x4</alignment>
         <input_file_ref idref="fl-4"/>
      </object_component>
      <object_component id="oc-18f">
         <name>.text.DL_SYSCTL_switchMCLKfromSYSOSCtoHSCLK</name>
         <load_address>0x2b1c</load_address>
         <readonly>true</readonly>
         <executable>true</executable>
         <run_address>0x2b1c</run_address>
         <size>0x44</size>
         <alignment>0x4</alignment>
         <input_file_ref idref="fl-21"/>
      </object_component>
      <object_component id="oc-c3">
         <name>.text.No_Mcu_Ganv_Sensor_Task_Without_tick</name>
         <load_address>0x2b60</load_address>
         <readonly>true</readonly>
         <executable>true</executable>
         <run_address>0x2b60</run_address>
         <size>0x42</size>
         <alignment>0x2</alignment>
         <input_file_ref idref="fl-8"/>
      </object_component>
      <object_component id="oc-1bf">
         <name>.text.DL_ADC12_setClockConfig</name>
         <load_address>0x2ba4</load_address>
         <readonly>true</readonly>
         <executable>true</executable>
         <run_address>0x2ba4</run_address>
         <size>0x40</size>
         <alignment>0x4</alignment>
         <input_file_ref idref="fl-1c"/>
      </object_component>
      <object_component id="oc-115">
         <name>.text.__aeabi_uidivmod</name>
         <load_address>0x2be4</load_address>
         <readonly>true</readonly>
         <executable>true</executable>
         <run_address>0x2be4</run_address>
         <size>0x40</size>
         <alignment>0x4</alignment>
         <input_file_ref idref="fl-11b"/>
      </object_component>
      <object_component id="oc-178">
         <name>.text.DL_GPIO_initPeripheralInputFunctionFeatures</name>
         <load_address>0x2c24</load_address>
         <readonly>true</readonly>
         <executable>true</executable>
         <run_address>0x2c24</run_address>
         <size>0x3c</size>
         <alignment>0x4</alignment>
         <input_file_ref idref="fl-2"/>
      </object_component>
      <object_component id="oc-194">
         <name>.text.DL_Timer_setCounterControl</name>
         <load_address>0x2c60</load_address>
         <readonly>true</readonly>
         <executable>true</executable>
         <run_address>0x2c60</run_address>
         <size>0x3c</size>
         <alignment>0x4</alignment>
         <input_file_ref idref="fl-2"/>
      </object_component>
      <object_component id="oc-c5">
         <name>.text.Get_Anolog_Value</name>
         <load_address>0x2c9c</load_address>
         <readonly>true</readonly>
         <executable>true</executable>
         <run_address>0x2c9c</run_address>
         <size>0x3c</size>
         <alignment>0x2</alignment>
         <input_file_ref idref="fl-8"/>
      </object_component>
      <object_component id="oc-206">
         <name>.text.OLED_Set_Pos</name>
         <load_address>0x2cd8</load_address>
         <readonly>true</readonly>
         <executable>true</executable>
         <run_address>0x2cd8</run_address>
         <size>0x3c</size>
         <alignment>0x2</alignment>
         <input_file_ref idref="fl-9"/>
      </object_component>
      <object_component id="oc-c2">
         <name>.text.Servo_SetDownAngle</name>
         <load_address>0x2d14</load_address>
         <readonly>true</readonly>
         <executable>true</executable>
         <run_address>0x2d14</run_address>
         <size>0x3c</size>
         <alignment>0x4</alignment>
         <input_file_ref idref="fl-d"/>
      </object_component>
      <object_component id="oc-bd">
         <name>.text.Servo_SetUpAngle</name>
         <load_address>0x2d50</load_address>
         <readonly>true</readonly>
         <executable>true</executable>
         <run_address>0x2d50</run_address>
         <size>0x3c</size>
         <alignment>0x4</alignment>
         <input_file_ref idref="fl-d"/>
      </object_component>
      <object_component id="oc-e5">
         <name>.text:__TI_auto_init_nobinit_nopinit</name>
         <load_address>0x2d8c</load_address>
         <readonly>true</readonly>
         <executable>true</executable>
         <run_address>0x2d8c</run_address>
         <size>0x3c</size>
         <alignment>0x4</alignment>
         <input_file_ref idref="fl-3b"/>
      </object_component>
      <object_component id="oc-1da">
         <name>.text.__muldsi3</name>
         <load_address>0x2dc8</load_address>
         <readonly>true</readonly>
         <executable>true</executable>
         <run_address>0x2dc8</run_address>
         <size>0x3a</size>
         <alignment>0x4</alignment>
         <input_file_ref idref="fl-109"/>
      </object_component>
      <object_component id="oc-c6">
         <name>.text.Get_Normalize_For_User</name>
         <load_address>0x2e02</load_address>
         <readonly>true</readonly>
         <executable>true</executable>
         <run_address>0x2e02</run_address>
         <size>0x38</size>
         <alignment>0x2</alignment>
         <input_file_ref idref="fl-8"/>
      </object_component>
      <object_component id="oc-1e0">
         <name>.text.__fixsfsi</name>
         <load_address>0x2e3c</load_address>
         <readonly>true</readonly>
         <executable>true</executable>
         <run_address>0x2e3c</run_address>
         <size>0x38</size>
         <alignment>0x4</alignment>
         <input_file_ref idref="fl-10f"/>
      </object_component>
      <object_component id="oc-cb">
         <name>.text.sprintf</name>
         <load_address>0x2e74</load_address>
         <readonly>true</readonly>
         <executable>true</executable>
         <run_address>0x2e74</run_address>
         <size>0x38</size>
         <alignment>0x4</alignment>
         <input_file_ref idref="fl-38"/>
      </object_component>
      <object_component id="oc-17b">
         <name>.text.DL_GPIO_initDigitalInputFeatures</name>
         <load_address>0x2eac</load_address>
         <readonly>true</readonly>
         <executable>true</executable>
         <run_address>0x2eac</run_address>
         <size>0x34</size>
         <alignment>0x4</alignment>
         <input_file_ref idref="fl-2"/>
      </object_component>
      <object_component id="oc-1cc">
         <name>.text.I2C_Start</name>
         <load_address>0x2ee0</load_address>
         <readonly>true</readonly>
         <executable>true</executable>
         <run_address>0x2ee0</run_address>
         <size>0x34</size>
         <alignment>0x4</alignment>
         <input_file_ref idref="fl-9"/>
      </object_component>
      <object_component id="oc-106">
         <name>.text.SYSCFG_DL_TIMER_Encoder_speed_init</name>
         <load_address>0x2f14</load_address>
         <readonly>true</readonly>
         <executable>true</executable>
         <run_address>0x2f14</run_address>
         <size>0x34</size>
         <alignment>0x4</alignment>
         <input_file_ref idref="fl-2"/>
      </object_component>
      <object_component id="oc-133">
         <name>.text.__fixunssfsi</name>
         <load_address>0x2f48</load_address>
         <readonly>true</readonly>
         <executable>true</executable>
         <run_address>0x2f48</run_address>
         <size>0x32</size>
         <alignment>0x4</alignment>
         <input_file_ref idref="fl-110"/>
      </object_component>
      <object_component id="oc-22c">
         <name>.text.DL_ADC12_getMemResult</name>
         <load_address>0x2f7c</load_address>
         <readonly>true</readonly>
         <executable>true</executable>
         <run_address>0x2f7c</run_address>
         <size>0x30</size>
         <alignment>0x4</alignment>
         <input_file_ref idref="fl-4"/>
      </object_component>
      <object_component id="oc-17d">
         <name>.text.DL_GPIO_initDigitalOutputFeatures</name>
         <load_address>0x2fac</load_address>
         <readonly>true</readonly>
         <executable>true</executable>
         <run_address>0x2fac</run_address>
         <size>0x30</size>
         <alignment>0x4</alignment>
         <input_file_ref idref="fl-2"/>
      </object_component>
      <object_component id="oc-1cb">
         <name>.text.mspm0_delay_ms</name>
         <load_address>0x2fdc</load_address>
         <readonly>true</readonly>
         <executable>true</executable>
         <run_address>0x2fdc</run_address>
         <size>0x30</size>
         <alignment>0x4</alignment>
         <input_file_ref idref="fl-6"/>
      </object_component>
      <object_component id="oc-105">
         <name>.text.SYSCFG_DL_TIMER_ULTRASONIC_init</name>
         <load_address>0x300c</load_address>
         <readonly>true</readonly>
         <executable>true</executable>
         <run_address>0x300c</run_address>
         <size>0x2c</size>
         <alignment>0x4</alignment>
         <input_file_ref idref="fl-2"/>
      </object_component>
      <object_component id="oc-7b">
         <name>.text.__NVIC_ClearPendingIRQ</name>
         <load_address>0x3038</load_address>
         <readonly>true</readonly>
         <executable>true</executable>
         <run_address>0x3038</run_address>
         <size>0x2c</size>
         <alignment>0x4</alignment>
         <input_file_ref idref="fl-5"/>
      </object_component>
      <object_component id="oc-ac">
         <name>.text.__NVIC_EnableIRQ</name>
         <load_address>0x3064</load_address>
         <readonly>true</readonly>
         <executable>true</executable>
         <run_address>0x3064</run_address>
         <size>0x2c</size>
         <alignment>0x4</alignment>
         <input_file_ref idref="fl-1"/>
      </object_component>
      <object_component id="oc-1ee">
         <name>.text.__floatsidf</name>
         <load_address>0x3090</load_address>
         <readonly>true</readonly>
         <executable>true</executable>
         <run_address>0x3090</run_address>
         <size>0x2c</size>
         <alignment>0x4</alignment>
         <input_file_ref idref="fl-111"/>
      </object_component>
      <object_component id="oc-216">
         <name>.text.DL_Common_updateReg</name>
         <load_address>0x30bc</load_address>
         <readonly>true</readonly>
         <executable>true</executable>
         <run_address>0x30bc</run_address>
         <size>0x28</size>
         <alignment>0x2</alignment>
         <input_file_ref idref="fl-2"/>
      </object_component>
      <object_component id="oc-1ae">
         <name>.text.DL_I2C_setControllerRXFIFOThreshold</name>
         <load_address>0x30e4</load_address>
         <readonly>true</readonly>
         <executable>true</executable>
         <run_address>0x30e4</run_address>
         <size>0x28</size>
         <alignment>0x4</alignment>
         <input_file_ref idref="fl-2"/>
      </object_component>
      <object_component id="oc-1ad">
         <name>.text.DL_I2C_setControllerTXFIFOThreshold</name>
         <load_address>0x310c</load_address>
         <readonly>true</readonly>
         <executable>true</executable>
         <run_address>0x310c</run_address>
         <size>0x28</size>
         <alignment>0x4</alignment>
         <input_file_ref idref="fl-2"/>
      </object_component>
      <object_component id="oc-1cf">
         <name>.text.I2C_Stop</name>
         <load_address>0x3134</load_address>
         <readonly>true</readonly>
         <executable>true</executable>
         <run_address>0x3134</run_address>
         <size>0x28</size>
         <alignment>0x4</alignment>
         <input_file_ref idref="fl-9"/>
      </object_component>
      <object_component id="oc-1ce">
         <name>.text.I2C_WaitAck</name>
         <load_address>0x315c</load_address>
         <readonly>true</readonly>
         <executable>true</executable>
         <run_address>0x315c</run_address>
         <size>0x28</size>
         <alignment>0x4</alignment>
         <input_file_ref idref="fl-9"/>
      </object_component>
      <object_component id="oc-77">
         <name>.text.__floatunsisf</name>
         <load_address>0x3184</load_address>
         <readonly>true</readonly>
         <executable>true</executable>
         <run_address>0x3184</run_address>
         <size>0x28</size>
         <alignment>0x4</alignment>
         <input_file_ref idref="fl-114"/>
      </object_component>
      <object_component id="oc-5e">
         <name>.text:_c_int00_noargs</name>
         <load_address>0x31ac</load_address>
         <readonly>true</readonly>
         <executable>true</executable>
         <run_address>0x31ac</run_address>
         <size>0x28</size>
         <alignment>0x4</alignment>
         <input_file_ref idref="fl-39"/>
      </object_component>
      <object_component id="oc-1a9">
         <name>.text.DL_I2C_setAnalogGlitchFilterPulseWidth</name>
         <load_address>0x31d4</load_address>
         <readonly>true</readonly>
         <executable>true</executable>
         <run_address>0x31d4</run_address>
         <size>0x26</size>
         <alignment>0x2</alignment>
         <input_file_ref idref="fl-2"/>
      </object_component>
      <object_component id="oc-1a3">
         <name>.text.DL_I2C_setClockConfig</name>
         <load_address>0x31fa</load_address>
         <readonly>true</readonly>
         <executable>true</executable>
         <run_address>0x31fa</run_address>
         <size>0x26</size>
         <alignment>0x2</alignment>
         <input_file_ref idref="fl-1e"/>
      </object_component>
      <object_component id="oc-119">
         <name>.text.__floatunsidf</name>
         <load_address>0x3220</load_address>
         <readonly>true</readonly>
         <executable>true</executable>
         <run_address>0x3220</run_address>
         <size>0x24</size>
         <alignment>0x4</alignment>
         <input_file_ref idref="fl-113"/>
      </object_component>
      <object_component id="oc-23c">
         <name>.text.memccpy</name>
         <load_address>0x3244</load_address>
         <readonly>true</readonly>
         <executable>true</executable>
         <run_address>0x3244</run_address>
         <size>0x22</size>
         <alignment>0x2</alignment>
         <input_file_ref idref="fl-4d"/>
      </object_component>
      <object_component id="oc-17a">
         <name>.text.DL_GPIO_initPeripheralInputFunction</name>
         <load_address>0x3268</load_address>
         <readonly>true</readonly>
         <executable>true</executable>
         <run_address>0x3268</run_address>
         <size>0x20</size>
         <alignment>0x4</alignment>
         <input_file_ref idref="fl-2"/>
      </object_component>
      <object_component id="oc-184">
         <name>.text.DL_SYSCTL_setFlashWaitState</name>
         <load_address>0x3288</load_address>
         <readonly>true</readonly>
         <executable>true</executable>
         <run_address>0x3288</run_address>
         <size>0x20</size>
         <alignment>0x4</alignment>
         <input_file_ref idref="fl-2"/>
      </object_component>
      <object_component id="oc-1c6">
         <name>.text.DL_ADC12_setPowerDownMode</name>
         <load_address>0x32a8</load_address>
         <readonly>true</readonly>
         <executable>true</executable>
         <run_address>0x32a8</run_address>
         <size>0x1e</size>
         <alignment>0x2</alignment>
         <input_file_ref idref="fl-2"/>
      </object_component>
      <object_component id="oc-1b9">
         <name>.text.DL_UART_setOversampling</name>
         <load_address>0x32c6</load_address>
         <readonly>true</readonly>
         <executable>true</executable>
         <run_address>0x32c6</run_address>
         <size>0x1e</size>
         <alignment>0x2</alignment>
         <input_file_ref idref="fl-2"/>
      </object_component>
      <object_component id="oc-228">
         <name>.text.DL_ADC12_startConversion</name>
         <load_address>0x32e4</load_address>
         <readonly>true</readonly>
         <executable>true</executable>
         <run_address>0x32e4</run_address>
         <size>0x1c</size>
         <alignment>0x4</alignment>
         <input_file_ref idref="fl-4"/>
      </object_component>
      <object_component id="oc-22a">
         <name>.text.DL_ADC12_stopConversion</name>
         <load_address>0x3300</load_address>
         <readonly>true</readonly>
         <executable>true</executable>
         <run_address>0x3300</run_address>
         <size>0x1c</size>
         <alignment>0x4</alignment>
         <input_file_ref idref="fl-4"/>
      </object_component>
      <object_component id="oc-6a">
         <name>.text.DL_GPIO_clearInterruptStatus</name>
         <load_address>0x331c</load_address>
         <readonly>true</readonly>
         <executable>true</executable>
         <run_address>0x331c</run_address>
         <size>0x1c</size>
         <alignment>0x4</alignment>
         <input_file_ref idref="fl-7"/>
      </object_component>
      <object_component id="oc-17f">
         <name>.text.DL_GPIO_clearInterruptStatus</name>
         <load_address>0x3338</load_address>
         <readonly>true</readonly>
         <executable>true</executable>
         <run_address>0x3338</run_address>
         <size>0x1c</size>
         <alignment>0x4</alignment>
         <input_file_ref idref="fl-2"/>
      </object_component>
      <object_component id="oc-179">
         <name>.text.DL_GPIO_enableHiZ</name>
         <load_address>0x3354</load_address>
         <readonly>true</readonly>
         <executable>true</executable>
         <run_address>0x3354</run_address>
         <size>0x1c</size>
         <alignment>0x4</alignment>
         <input_file_ref idref="fl-2"/>
      </object_component>
      <object_component id="oc-180">
         <name>.text.DL_GPIO_enableInterrupt</name>
         <load_address>0x3370</load_address>
         <readonly>true</readonly>
         <executable>true</executable>
         <run_address>0x3370</run_address>
         <size>0x1c</size>
         <alignment>0x4</alignment>
         <input_file_ref idref="fl-2"/>
      </object_component>
      <object_component id="oc-176">
         <name>.text.DL_GPIO_initPeripheralOutputFunction</name>
         <load_address>0x338c</load_address>
         <readonly>true</readonly>
         <executable>true</executable>
         <run_address>0x338c</run_address>
         <size>0x1c</size>
         <alignment>0x4</alignment>
         <input_file_ref idref="fl-2"/>
      </object_component>
      <object_component id="oc-17e">
         <name>.text.DL_GPIO_setLowerPinsPolarity</name>
         <load_address>0x33a8</load_address>
         <readonly>true</readonly>
         <executable>true</executable>
         <run_address>0x33a8</run_address>
         <size>0x1c</size>
         <alignment>0x4</alignment>
         <input_file_ref idref="fl-2"/>
      </object_component>
      <object_component id="oc-185">
         <name>.text.DL_SYSCTL_setSYSOSCFreq</name>
         <load_address>0x33c4</load_address>
         <readonly>true</readonly>
         <executable>true</executable>
         <run_address>0x33c4</run_address>
         <size>0x1c</size>
         <alignment>0x4</alignment>
         <input_file_ref idref="fl-2"/>
      </object_component>
      <object_component id="oc-18e">
         <name>.text.DL_SYSCTL_setULPCLKDivider</name>
         <load_address>0x33e0</load_address>
         <readonly>true</readonly>
         <executable>true</executable>
         <run_address>0x33e0</run_address>
         <size>0x1c</size>
         <alignment>0x4</alignment>
         <input_file_ref idref="fl-2"/>
      </object_component>
      <object_component id="oc-1a0">
         <name>.text.DL_Timer_enableInterrupt</name>
         <load_address>0x33fc</load_address>
         <readonly>true</readonly>
         <executable>true</executable>
         <run_address>0x33fc</run_address>
         <size>0x1c</size>
         <alignment>0x4</alignment>
         <input_file_ref idref="fl-2"/>
      </object_component>
      <object_component id="oc-196">
         <name>.text.DL_Timer_setCaptCompUpdateMethod</name>
         <load_address>0x3418</load_address>
         <readonly>true</readonly>
         <executable>true</executable>
         <run_address>0x3418</run_address>
         <size>0x1c</size>
         <alignment>0x4</alignment>
         <input_file_ref idref="fl-1f"/>
      </object_component>
      <object_component id="oc-192">
         <name>.text.DL_Timer_setClockConfig</name>
         <load_address>0x3434</load_address>
         <readonly>true</readonly>
         <executable>true</executable>
         <run_address>0x3434</run_address>
         <size>0x1c</size>
         <alignment>0x4</alignment>
         <input_file_ref idref="fl-1f"/>
      </object_component>
      <object_component id="oc-1bb">
         <name>.text.DL_UART_enableInterrupt</name>
         <load_address>0x3450</load_address>
         <readonly>true</readonly>
         <executable>true</executable>
         <run_address>0x3450</run_address>
         <size>0x1c</size>
         <alignment>0x4</alignment>
         <input_file_ref idref="fl-2"/>
      </object_component>
      <object_component id="oc-14c">
         <name>.text.Go_Ahead</name>
         <load_address>0x346c</load_address>
         <readonly>true</readonly>
         <executable>true</executable>
         <run_address>0x346c</run_address>
         <size>0x1c</size>
         <alignment>0x2</alignment>
         <input_file_ref idref="fl-b"/>
      </object_component>
      <object_component id="oc-14b">
         <name>.text.Car_stop</name>
         <load_address>0x3488</load_address>
         <readonly>true</readonly>
         <executable>true</executable>
         <run_address>0x3488</run_address>
         <size>0x1a</size>
         <alignment>0x2</alignment>
         <input_file_ref idref="fl-b"/>
      </object_component>
      <object_component id="oc-14d">
         <name>.text.Turn_Left</name>
         <load_address>0x34a2</load_address>
         <readonly>true</readonly>
         <executable>true</executable>
         <run_address>0x34a2</run_address>
         <size>0x1a</size>
         <alignment>0x2</alignment>
         <input_file_ref idref="fl-b"/>
      </object_component>
      <object_component id="oc-155">
         <name>.text.Turn_bLeft</name>
         <load_address>0x34bc</load_address>
         <readonly>true</readonly>
         <executable>true</executable>
         <run_address>0x34bc</run_address>
         <size>0x1a</size>
         <alignment>0x2</alignment>
         <input_file_ref idref="fl-b"/>
      </object_component>
      <object_component id="oc-156">
         <name>.text.Turn_bRight</name>
         <load_address>0x34d6</load_address>
         <readonly>true</readonly>
         <executable>true</executable>
         <run_address>0x34d6</run_address>
         <size>0x1a</size>
         <alignment>0x2</alignment>
         <input_file_ref idref="fl-b"/>
      </object_component>
      <object_component id="oc-150">
         <name>.text.Turn_sLeft</name>
         <load_address>0x34f0</load_address>
         <readonly>true</readonly>
         <executable>true</executable>
         <run_address>0x34f0</run_address>
         <size>0x1a</size>
         <alignment>0x2</alignment>
         <input_file_ref idref="fl-b"/>
      </object_component>
      <object_component id="oc-151">
         <name>.text.Turn_sRight</name>
         <load_address>0x350a</load_address>
         <readonly>true</readonly>
         <executable>true</executable>
         <run_address>0x350a</run_address>
         <size>0x1a</size>
         <alignment>0x2</alignment>
         <input_file_ref idref="fl-b"/>
      </object_component>
      <object_component id="oc-14e">
         <name>.text.Turn_ssLeft</name>
         <load_address>0x3524</load_address>
         <readonly>true</readonly>
         <executable>true</executable>
         <run_address>0x3524</run_address>
         <size>0x1a</size>
         <alignment>0x2</alignment>
         <input_file_ref idref="fl-b"/>
      </object_component>
      <object_component id="oc-14f">
         <name>.text.Turn_ssRight</name>
         <load_address>0x353e</load_address>
         <readonly>true</readonly>
         <executable>true</executable>
         <run_address>0x353e</run_address>
         <size>0x1a</size>
         <alignment>0x2</alignment>
         <input_file_ref idref="fl-b"/>
      </object_component>
      <object_component id="oc-175">
         <name>.text.DL_ADC12_enablePower</name>
         <load_address>0x3558</load_address>
         <readonly>true</readonly>
         <executable>true</executable>
         <run_address>0x3558</run_address>
         <size>0x18</size>
         <alignment>0x4</alignment>
         <input_file_ref idref="fl-2"/>
      </object_component>
      <object_component id="oc-170">
         <name>.text.DL_ADC12_reset</name>
         <load_address>0x3570</load_address>
         <readonly>true</readonly>
         <executable>true</executable>
         <run_address>0x3570</run_address>
         <size>0x18</size>
         <alignment>0x4</alignment>
         <input_file_ref idref="fl-2"/>
      </object_component>
      <object_component id="oc-1c7">
         <name>.text.DL_ADC12_setSampleTime0</name>
         <load_address>0x3588</load_address>
         <readonly>true</readonly>
         <executable>true</executable>
         <run_address>0x3588</run_address>
         <size>0x18</size>
         <alignment>0x4</alignment>
         <input_file_ref idref="fl-2"/>
      </object_component>
      <object_component id="oc-177">
         <name>.text.DL_GPIO_enableOutput</name>
         <load_address>0x35a0</load_address>
         <readonly>true</readonly>
         <executable>true</executable>
         <run_address>0x35a0</run_address>
         <size>0x18</size>
         <alignment>0x4</alignment>
         <input_file_ref idref="fl-2"/>
      </object_component>
      <object_component id="oc-171">
         <name>.text.DL_GPIO_enablePower</name>
         <load_address>0x35b8</load_address>
         <readonly>true</readonly>
         <executable>true</executable>
         <run_address>0x35b8</run_address>
         <size>0x18</size>
         <alignment>0x4</alignment>
         <input_file_ref idref="fl-2"/>
      </object_component>
      <object_component id="oc-68">
         <name>.text.DL_GPIO_getEnabledInterruptStatus</name>
         <load_address>0x35d0</load_address>
         <readonly>true</readonly>
         <executable>true</executable>
         <run_address>0x35d0</run_address>
         <size>0x18</size>
         <alignment>0x4</alignment>
         <input_file_ref idref="fl-7"/>
      </object_component>
      <object_component id="oc-17c">
         <name>.text.DL_GPIO_initDigitalOutput</name>
         <load_address>0x35e8</load_address>
         <readonly>true</readonly>
         <executable>true</executable>
         <run_address>0x35e8</run_address>
         <size>0x18</size>
         <alignment>0x4</alignment>
         <input_file_ref idref="fl-2"/>
      </object_component>
      <object_component id="oc-16c">
         <name>.text.DL_GPIO_reset</name>
         <load_address>0x3600</load_address>
         <readonly>true</readonly>
         <executable>true</executable>
         <run_address>0x3600</run_address>
         <size>0x18</size>
         <alignment>0x4</alignment>
         <input_file_ref idref="fl-2"/>
      </object_component>
      <object_component id="oc-1e8">
         <name>.text.DL_GPIO_setPins</name>
         <load_address>0x3618</load_address>
         <readonly>true</readonly>
         <executable>true</executable>
         <run_address>0x3618</run_address>
         <size>0x18</size>
         <alignment>0x4</alignment>
         <input_file_ref idref="fl-8"/>
      </object_component>
      <object_component id="oc-25d">
         <name>.text.DL_GPIO_setPins</name>
         <load_address>0x3630</load_address>
         <readonly>true</readonly>
         <executable>true</executable>
         <run_address>0x3630</run_address>
         <size>0x18</size>
         <alignment>0x4</alignment>
         <input_file_ref idref="fl-b"/>
      </object_component>
      <object_component id="oc-220">
         <name>.text.DL_GPIO_setPins</name>
         <load_address>0x3648</load_address>
         <readonly>true</readonly>
         <executable>true</executable>
         <run_address>0x3648</run_address>
         <size>0x18</size>
         <alignment>0x4</alignment>
         <input_file_ref idref="fl-9"/>
      </object_component>
      <object_component id="oc-182">
         <name>.text.DL_GPIO_setUpperPinsPolarity</name>
         <load_address>0x3660</load_address>
         <readonly>true</readonly>
         <executable>true</executable>
         <run_address>0x3660</run_address>
         <size>0x18</size>
         <alignment>0x2</alignment>
         <input_file_ref idref="fl-2"/>
      </object_component>
      <object_component id="oc-1aa">
         <name>.text.DL_I2C_enableAnalogGlitchFilter</name>
         <load_address>0x3678</load_address>
         <readonly>true</readonly>
         <executable>true</executable>
         <run_address>0x3678</run_address>
         <size>0x18</size>
         <alignment>0x2</alignment>
         <input_file_ref idref="fl-2"/>
      </object_component>
      <object_component id="oc-1b0">
         <name>.text.DL_I2C_enableController</name>
         <load_address>0x3690</load_address>
         <readonly>true</readonly>
         <executable>true</executable>
         <run_address>0x3690</run_address>
         <size>0x18</size>
         <alignment>0x4</alignment>
         <input_file_ref idref="fl-2"/>
      </object_component>
      <object_component id="oc-1af">
         <name>.text.DL_I2C_enableControllerClockStretching</name>
         <load_address>0x36a8</load_address>
         <readonly>true</readonly>
         <executable>true</executable>
         <run_address>0x36a8</run_address>
         <size>0x18</size>
         <alignment>0x4</alignment>
         <input_file_ref idref="fl-2"/>
      </object_component>
      <object_component id="oc-173">
         <name>.text.DL_I2C_enablePower</name>
         <load_address>0x36c0</load_address>
         <readonly>true</readonly>
         <executable>true</executable>
         <run_address>0x36c0</run_address>
         <size>0x18</size>
         <alignment>0x4</alignment>
         <input_file_ref idref="fl-2"/>
      </object_component>
      <object_component id="oc-16e">
         <name>.text.DL_I2C_reset</name>
         <load_address>0x36d8</load_address>
         <readonly>true</readonly>
         <executable>true</executable>
         <run_address>0x36d8</run_address>
         <size>0x18</size>
         <alignment>0x4</alignment>
         <input_file_ref idref="fl-2"/>
      </object_component>
      <object_component id="oc-1ac">
         <name>.text.DL_I2C_setTimerPeriod</name>
         <load_address>0x36f0</load_address>
         <readonly>true</readonly>
         <executable>true</executable>
         <run_address>0x36f0</run_address>
         <size>0x18</size>
         <alignment>0x4</alignment>
         <input_file_ref idref="fl-2"/>
      </object_component>
      <object_component id="oc-183">
         <name>.text.DL_SYSCTL_setBORThreshold</name>
         <load_address>0x3708</load_address>
         <readonly>true</readonly>
         <executable>true</executable>
         <run_address>0x3708</run_address>
         <size>0x18</size>
         <alignment>0x4</alignment>
         <input_file_ref idref="fl-2"/>
      </object_component>
      <object_component id="oc-172">
         <name>.text.DL_Timer_enablePower</name>
         <load_address>0x3720</load_address>
         <readonly>true</readonly>
         <executable>true</executable>
         <run_address>0x3720</run_address>
         <size>0x18</size>
         <alignment>0x4</alignment>
         <input_file_ref idref="fl-2"/>
      </object_component>
      <object_component id="oc-16d">
         <name>.text.DL_Timer_reset</name>
         <load_address>0x3738</load_address>
         <readonly>true</readonly>
         <executable>true</executable>
         <run_address>0x3738</run_address>
         <size>0x18</size>
         <alignment>0x4</alignment>
         <input_file_ref idref="fl-2"/>
      </object_component>
      <object_component id="oc-195">
         <name>.text.DL_Timer_setCaptureCompareOutCtl</name>
         <load_address>0x3750</load_address>
         <readonly>true</readonly>
         <executable>true</executable>
         <run_address>0x3750</run_address>
         <size>0x18</size>
[...]
         <value>0x39d9</value>
         <object_component_ref idref="oc-10f"/>
      </symbol>
      <symbol id="sm-248">
         <name>OLED_WR_Byte</name>
         <value>0x2835</value>
         <object_component_ref idref="oc-110"/>
      </symbol>
      <symbol id="sm-249">
         <name>I2C_Start</name>
         <value>0x2ee1</value>
         <object_component_ref idref="oc-1cc"/>
      </symbol>
      <symbol id="sm-24a">
         <name>Send_Byte</name>
         <value>0x2309</value>
         <object_component_ref idref="oc-1cd"/>
      </symbol>
      <symbol id="sm-24b">
         <name>I2C_WaitAck</name>
         <value>0x315d</value>
         <object_component_ref idref="oc-1ce"/>
      </symbol>
      <symbol id="sm-24c">
         <name>I2C_Stop</name>
         <value>0x3135</value>
         <object_component_ref idref="oc-1cf"/>
      </symbol>
      <symbol id="sm-24d">
         <name>OLED_Set_Pos</name>
         <value>0x2cd9</value>
         <object_component_ref idref="oc-206"/>
      </symbol>
      <symbol id="sm-24e">
         <name>OLED_Clear</name>
         <value>0x253f</value>
         <object_component_ref idref="oc-111"/>
      </symbol>
      <symbol id="sm-24f">
         <name>OLED_ShowChar</name>
         <value>0x15a9</value>
         <object_component_ref idref="oc-14a"/>
      </symbol>
      <symbol id="sm-250">
         <name>asc2_1608</name>
         <value>0x3a78</value>
         <object_component_ref idref="oc-207"/>
      </symbol>
      <symbol id="sm-251">
         <name>asc2_0806</name>
         <value>0x4068</value>
         <object_component_ref idref="oc-208"/>
      </symbol>
      <symbol id="sm-252">
         <name>OLED_ShowString</name>
         <value>0x2463</value>
         <object_component_ref idref="oc-d1"/>
      </symbol>
      <symbol id="sm-253">
         <name>OLED_Init</name>
         <value>0x18d1</value>
         <object_component_ref idref="oc-b3"/>
      </symbol>
      <symbol id="sm-285">
         <name>Motor_LeftSpeed</name>
         <value>0x2611</value>
         <object_component_ref idref="oc-209"/>
      </symbol>
      <symbol id="sm-286">
         <name>Motor_RightSpeed</name>
         <value>0x2675</value>
         <object_component_ref idref="oc-20a"/>
      </symbol>
      <symbol id="sm-287">
         <name>Go_Ahead</name>
         <value>0x346d</value>
         <object_component_ref idref="oc-14c"/>
      </symbol>
      <symbol id="sm-288">
         <name>Turn_ssLeft</name>
         <value>0x3525</value>
         <object_component_ref idref="oc-14e"/>
      </symbol>
      <symbol id="sm-289">
         <name>Turn_ssRight</name>
         <value>0x353f</value>
         <object_component_ref idref="oc-14f"/>
      </symbol>
      <symbol id="sm-28a">
         <name>Turn_sLeft</name>
         <value>0x34f1</value>
         <object_component_ref idref="oc-150"/>
      </symbol>
      <symbol id="sm-28b">
         <name>Turn_sRight</name>
         <value>0x350b</value>
         <object_component_ref idref="oc-151"/>
      </symbol>
      <symbol id="sm-28c">
         <name>Turn_Left</name>
         <value>0x34a3</value>
         <object_component_ref idref="oc-14d"/>
      </symbol>
      <symbol id="sm-28d">
         <name>Turn_bLeft</name>
         <value>0x34bd</value>
         <object_component_ref idref="oc-155"/>
      </symbol>
      <symbol id="sm-28e">
         <name>Turn_bRight</name>
         <value>0x34d7</value>
         <object_component_ref idref="oc-156"/>
      </symbol>
      <symbol id="sm-28f">
         <name>Turn_bbLeft</name>
         <value>0x3919</value>
         <object_component_ref idref="oc-157"/>
      </symbol>
      <symbol id="sm-290">
         <name>Turn_bbRight</name>
         <value>0x392d</value>
         <object_component_ref idref="oc-158"/>
      </symbol>
      <symbol id="sm-291">
         <name>Car_stop</name>
         <value>0x3489</value>
         <object_component_ref idref="oc-14b"/>
      </symbol>
      <symbol id="sm-292">
         <name>track_line</name>
         <value>0xc1</value>
         <object_component_ref idref="oc-d2"/>
      </symbol>
      <symbol id="sm-293">
         <name>flag_stop</name>
         <value>0x20200210</value>
         <object_component_ref idref="oc-152"/>
      </symbol>
      <symbol id="sm-294">
         <name>flag_circle</name>
         <value>0x20200208</value>
         <object_component_ref idref="oc-153"/>
      </symbol>
      <symbol id="sm-295">
         <name>flag_judge</name>
         <value>0x2020020c</value>
         <object_component_ref idref="oc-154"/>
      </symbol>
      <symbol id="sm-29b">
         <name>Blue_teeth_Kp</name>
         <value>0x202001c0</value>
      </symbol>
      <symbol id="sm-2a8">
         <name>Servo_SetUpAngle</name>
         <value>0x2d51</value>
         <object_component_ref idref="oc-bd"/>
      </symbol>
      <symbol id="sm-2a9">
         <name>Servo_SetDownAngle</name>
         <value>0x2d15</value>
         <object_component_ref idref="oc-c2"/>
      </symbol>
      <symbol id="sm-2aa">
         <name>__TI_ATRegion0_src_addr</name>
         <value>0x0</value>
      </symbol>
      <symbol id="sm-2ab">
         <name>__TI_ATRegion0_trg_addr</name>
         <value>0x0</value>
      </symbol>
      <symbol id="sm-2ac">
         <name>__TI_ATRegion0_region_sz</name>
         <value>0x0</value>
      </symbol>
      <symbol id="sm-2ad">
         <name>__TI_ATRegion1_src_addr</name>
         <value>0x0</value>
      </symbol>
      <symbol id="sm-2ae">
         <name>__TI_ATRegion1_trg_addr</name>
         <value>0x0</value>
      </symbol>
      <symbol id="sm-2af">
         <name>__TI_ATRegion1_region_sz</name>
         <value>0x0</value>
      </symbol>
      <symbol id="sm-2b0">
         <name>__TI_ATRegion2_src_addr</name>
         <value>0x0</value>
      </symbol>
      <symbol id="sm-2b1">
         <name>__TI_ATRegion2_trg_addr</name>
         <value>0x0</value>
      </symbol>
      <symbol id="sm-2b2">
         <name>__TI_ATRegion2_region_sz</name>
         <value>0x0</value>
      </symbol>
      <symbol id="sm-2bd">
         <name>DL_ADC12_setClockConfig</name>
         <value>0x2ba5</value>
         <object_component_ref idref="oc-1bf"/>
      </symbol>
      <symbol id="sm-2c6">
         <name>DL_Common_delayCycles</name>
         <value>0x3a31</value>
         <object_component_ref idref="oc-c7"/>
      </symbol>
      <symbol id="sm-2d0">
         <name>DL_I2C_setClockConfig</name>
         <value>0x31fb</value>
         <object_component_ref idref="oc-1a3"/>
      </symbol>
      <symbol id="sm-2ec">
         <name>DL_Timer_setClockConfig</name>
         <value>0x3435</value>
         <object_component_ref idref="oc-192"/>
      </symbol>
      <symbol id="sm-2ed">
         <name>DL_Timer_initTimerMode</name>
         <value>0x19cd</value>
         <object_component_ref idref="oc-19d"/>
      </symbol>
      <symbol id="sm-2ee">
         <name>DL_Timer_setCaptureCompareValue</name>
         <value>0x39a9</value>
         <object_component_ref idref="oc-137"/>
      </symbol>
      <symbol id="sm-2ef">
         <name>DL_Timer_setCaptCompUpdateMethod</name>
         <value>0x3419</value>
         <object_component_ref idref="oc-196"/>
      </symbol>
      <symbol id="sm-2f0">
         <name>DL_Timer_setCaptureCompareOutCtl</name>
         <value>0x3751</value>
         <object_component_ref idref="oc-195"/>
      </symbol>
      <symbol id="sm-2f1">
         <name>DL_Timer_initFourCCPWMMode</name>
         <value>0x17cd</value>
         <object_component_ref idref="oc-193"/>
      </symbol>
      <symbol id="sm-2fe">
         <name>DL_UART_init</name>
         <value>0x29b5</value>
         <object_component_ref idref="oc-1b8"/>
      </symbol>
      <symbol id="sm-2ff">
         <name>DL_UART_setClockConfig</name>
         <value>0x3953</value>
         <object_component_ref idref="oc-1b2"/>
      </symbol>
      <symbol id="sm-30d">
         <name>DL_SYSCTL_configSYSPLL</name>
         <value>0x1b99</value>
         <object_component_ref idref="oc-188"/>
      </symbol>
      <symbol id="sm-30e">
         <name>DL_SYSCTL_switchMCLKfromSYSOSCtoHSCLK</name>
         <value>0x2b1d</value>
         <object_component_ref idref="oc-18f"/>
      </symbol>
      <symbol id="sm-31f">
         <name>sprintf</name>
         <value>0x2e75</value>
         <object_component_ref idref="oc-cb"/>
      </symbol>
      <symbol id="sm-32a">
         <name>_c_int00_noargs</name>
         <value>0x31ad</value>
         <object_component_ref idref="oc-5e"/>
      </symbol>
      <symbol id="sm-32b">
         <name>__stack</name>
         <value>0x20207e00</value>
         <object_component_ref idref="oc-1a"/>
      </symbol>
      <symbol id="sm-33a">
         <name>__TI_auto_init_nobinit_nopinit</name>
         <value>0x2d8d</value>
         <object_component_ref idref="oc-e5"/>
      </symbol>
      <symbol id="sm-342">
         <name>_system_pre_init</name>
         <value>0x3a71</value>
         <object_component_ref idref="oc-88"/>
      </symbol>
      <symbol id="sm-34d">
         <name>__TI_zero_init_nomemset</name>
         <value>0x384f</value>
         <object_component_ref idref="oc-55"/>
      </symbol>
      <symbol id="sm-356">
         <name>__TI_decompress_none</name>
         <value>0x3977</value>
         <object_component_ref idref="oc-20"/>
      </symbol>
      <symbol id="sm-361">
         <name>__TI_decompress_lzss</name>
         <value>0x228d</value>
         <object_component_ref idref="oc-1c"/>
      </symbol>
      <symbol id="sm-377">
         <name>__TI_printfi_minimal</name>
         <value>0x9b1</value>
         <object_component_ref idref="oc-1fe"/>
      </symbol>
      <symbol id="sm-385">
         <name>abort</name>
         <value>0x3a4d</value>
         <object_component_ref idref="oc-de"/>
      </symbol>
      <symbol id="sm-394">
         <name>memccpy</name>
         <value>0x3245</value>
         <object_component_ref idref="oc-23c"/>
      </symbol>
      <symbol id="sm-3a4">
         <name>HOSTexit</name>
         <value>0x3a57</value>
         <object_component_ref idref="oc-15b"/>
      </symbol>
      <symbol id="sm-3a5">
         <name>C$$EXIT</name>
         <value>0x3a56</value>
         <object_component_ref idref="oc-15b"/>
      </symbol>
      <symbol id="sm-3ba">
         <name>__aeabi_fadd</name>
         <value>0x1c7f</value>
         <object_component_ref idref="oc-12f"/>
      </symbol>
      <symbol id="sm-3bb">
         <name>__addsf3</name>
         <value>0x1c7f</value>
         <object_component_ref idref="oc-12f"/>
      </symbol>
      <symbol id="sm-3bc">
         <name>__aeabi_fsub</name>
         <value>0x1c75</value>
         <object_component_ref idref="oc-12f"/>
      </symbol>
      <symbol id="sm-3bd">
         <name>__subsf3</name>
         <value>0x1c75</value>
         <object_component_ref idref="oc-12f"/>
      </symbol>
      <symbol id="sm-3c3">
         <name>__aeabi_dadd</name>
         <value>0xf9f</value>
         <object_component_ref idref="oc-11d"/>
      </symbol>
      <symbol id="sm-3c4">
         <name>__adddf3</name>
         <value>0xf9f</value>
         <object_component_ref idref="oc-11d"/>
      </symbol>
      <symbol id="sm-3c5">
         <name>__aeabi_dsub</name>
         <value>0xf95</value>
         <object_component_ref idref="oc-11d"/>
      </symbol>
      <symbol id="sm-3c6">
         <name>__subdf3</name>
         <value>0xf95</value>
         <object_component_ref idref="oc-11d"/>
      </symbol>
      <symbol id="sm-3cc">
         <name>__aeabi_dmul</name>
         <value>0x1ab5</value>
         <object_component_ref idref="oc-1f2"/>
      </symbol>
      <symbol id="sm-3cd">
         <name>__muldf3</name>
         <value>0x1ab5</value>
         <object_component_ref idref="oc-1f2"/>
      </symbol>
      <symbol id="sm-3d3">
         <name>__muldsi3</name>
         <value>0x2dc9</value>
         <object_component_ref idref="oc-1da"/>
      </symbol>
      <symbol id="sm-3d9">
         <name>__aeabi_fmul</name>
         <value>0x2075</value>
         <object_component_ref idref="oc-12b"/>
      </symbol>
      <symbol id="sm-3da">
         <name>__mulsf3</name>
         <value>0x2075</value>
         <object_component_ref idref="oc-12b"/>
      </symbol>
      <symbol id="sm-3e0">
         <name>__aeabi_fdiv</name>
         <value>0x2209</value>
         <object_component_ref idref="oc-127"/>
      </symbol>
      <symbol id="sm-3e1">
         <name>__divsf3</name>
         <value>0x2209</value>
         <object_component_ref idref="oc-127"/>
      </symbol>
      <symbol id="sm-3e7">
         <name>__aeabi_ddiv</name>
         <value>0x16c1</value>
         <object_component_ref idref="oc-121"/>
      </symbol>
      <symbol id="sm-3e8">
         <name>__divdf3</name>
         <value>0x16c1</value>
         <object_component_ref idref="oc-121"/>
      </symbol>
      <symbol id="sm-3ee">
         <name>__aeabi_d2iz</name>
         <value>0x2969</value>
         <object_component_ref idref="oc-1f6"/>
      </symbol>
      <symbol id="sm-3ef">
         <name>__fixdfsi</name>
         <value>0x2969</value>
         <object_component_ref idref="oc-1f6"/>
      </symbol>
      <symbol id="sm-3f5">
         <name>__aeabi_f2iz</name>
         <value>0x2e3d</value>
         <object_component_ref idref="oc-1e0"/>
      </symbol>
      <symbol id="sm-3f6">
         <name>__fixsfsi</name>
         <value>0x2e3d</value>
         <object_component_ref idref="oc-1e0"/>
      </symbol>
      <symbol id="sm-3fc">
         <name>__aeabi_f2uiz</name>
         <value>0x2f49</value>
         <object_component_ref idref="oc-133"/>
      </symbol>
      <symbol id="sm-3fd">
         <name>__fixunssfsi</name>
         <value>0x2f49</value>
         <object_component_ref idref="oc-133"/>
      </symbol>
      <symbol id="sm-403">
         <name>__aeabi_i2d</name>
         <value>0x3091</value>
         <object_component_ref idref="oc-1ee"/>
      </symbol>
      <symbol id="sm-404">
         <name>__floatsidf</name>
         <value>0x3091</value>
         <object_component_ref idref="oc-1ee"/>
      </symbol>
      <symbol id="sm-40a">
         <name>__aeabi_ui2d</name>
         <value>0x3221</value>
         <object_component_ref idref="oc-119"/>
      </symbol>
      <symbol id="sm-40b">
         <name>__floatunsidf</name>
         <value>0x3221</value>
         <object_component_ref idref="oc-119"/>
      </symbol>
      <symbol id="sm-411">
         <name>__aeabi_ui2f</name>
         <value>0x3185</value>
         <object_component_ref idref="oc-77"/>
      </symbol>
      <symbol id="sm-412">
         <name>__floatunsisf</name>
         <value>0x3185</value>
         <object_component_ref idref="oc-77"/>
      </symbol>
      <symbol id="sm-418">
         <name>__aeabi_dcmpeq</name>
         <value>0x26d9</value>
         <object_component_ref idref="oc-1fa"/>
      </symbol>
      <symbol id="sm-419">
         <name>__aeabi_dcmplt</name>
         <value>0x26ed</value>
         <object_component_ref idref="oc-1fa"/>
      </symbol>
      <symbol id="sm-41a">
         <name>__aeabi_dcmple</name>
         <value>0x2701</value>
         <object_component_ref idref="oc-1fa"/>
      </symbol>
      <symbol id="sm-41b">
         <name>__aeabi_dcmpge</name>
         <value>0x2715</value>
         <object_component_ref idref="oc-1fa"/>
      </symbol>
      <symbol id="sm-41c">
         <name>__aeabi_dcmpgt</name>
         <value>0x2729</value>
         <object_component_ref idref="oc-1fa"/>
      </symbol>
      <symbol id="sm-422">
         <name>__aeabi_memcpy</name>
         <value>0x3a45</value>
         <object_component_ref idref="oc-4e"/>
      </symbol>
      <symbol id="sm-423">
         <name>__aeabi_memcpy4</name>
         <value>0x3a45</value>
         <object_component_ref idref="oc-4e"/>
      </symbol>
      <symbol id="sm-424">
         <name>__aeabi_memcpy8</name>
         <value>0x3a45</value>
         <object_component_ref idref="oc-4e"/>
      </symbol>
      <symbol id="sm-42d">
         <name>__aeabi_memset</name>
         <value>0x39f9</value>
         <object_component_ref idref="oc-23b"/>
      </symbol>
      <symbol id="sm-42e">
         <name>__aeabi_memset4</name>
         <value>0x39f9</value>
         <object_component_ref idref="oc-23b"/>
      </symbol>
      <symbol id="sm-42f">
         <name>__aeabi_memset8</name>
         <value>0x39f9</value>
         <object_component_ref idref="oc-23b"/>
      </symbol>
      <symbol id="sm-430">
         <name>__aeabi_memclr</name>
         <value>0x3a25</value>
         <object_component_ref idref="oc-72"/>
      </symbol>
      <symbol id="sm-431">
         <name>__aeabi_memclr4</name>
         <value>0x3a25</value>
         <object_component_ref idref="oc-72"/>
      </symbol>
      <symbol id="sm-432">
         <name>__aeabi_memclr8</name>
         <value>0x3a25</value>
         <object_component_ref idref="oc-72"/>
      </symbol>
      <symbol id="sm-438">
         <name>__aeabi_uidiv</name>
         <value>0x2be5</value>
         <object_component_ref idref="oc-115"/>
      </symbol>
      <symbol id="sm-439">
         <name>__aeabi_uidivmod</name>
         <value>0x2be5</value>
         <object_component_ref idref="oc-115"/>
      </symbol>
      <symbol id="sm-447">
         <name>__ledf2</name>
         <value>0x25a9</value>
         <object_component_ref idref="oc-232"/>
      </symbol>
      <symbol id="sm-448">
         <name>__gedf2</name>
         <value>0x237d</value>
         <object_component_ref idref="oc-238"/>
      </symbol>
      <symbol id="sm-449">
         <name>__cmpdf2</name>
         <value>0x25a9</value>
         <object_component_ref idref="oc-232"/>
      </symbol>
      <symbol id="sm-44a">
         <name>__eqdf2</name>
         <value>0x25a9</value>
         <object_component_ref idref="oc-232"/>
      </symbol>
      <symbol id="sm-44b">
         <name>__ltdf2</name>
         <value>0x25a9</value>
         <object_component_ref idref="oc-232"/>
      </symbol>
      <symbol id="sm-44c">
         <name>__nedf2</name>
         <value>0x25a9</value>
         <object_component_ref idref="oc-232"/>
      </symbol>
      <symbol id="sm-44d">
         <name>__gtdf2</name>
         <value>0x237d</value>
         <object_component_ref idref="oc-238"/>
      </symbol>
      <symbol id="sm-457">
         <name>__aeabi_idiv0</name>
         <value>0x1127</value>
         <object_component_ref idref="oc-1d0"/>
      </symbol>
      <symbol id="sm-461">
         <name>TI_memcpy_small</name>
         <value>0x3965</value>
         <object_component_ref idref="oc-a3"/>
      </symbol>
      <symbol id="sm-46a">
         <name>TI_memset_small</name>
         <value>0x3a15</value>
         <object_component_ref idref="oc-f7"/>
      </symbol>
      <symbol id="sm-46b">
         <name>__TI_static_base__</name>
         <value>0x0</value>
      </symbol>
      <symbol id="sm-46f">
         <name>__mpu_init</name>
         <value>0x0</value>
      </symbol>
      <symbol id="sm-470">
         <name>_system_post_cinit</name>
         <value>0x0</value>
      </symbol>
   </symbol_table>
   <title>Link successful</title>
</link_info>
