******************************************************************************
            TI ARM Clang Linker PC v4.0.3                      
******************************************************************************
>> Linked Fri Jul 25 20:02:44 2025

OUTPUT FILE NAME:   <mpu6050-oled-software-i2c.out>
ENTRY POINT SYMBOL: "_c_int00_noargs"  address: 000031ad


MEMORY CONFIGURATION

         name            origin    length      used     unused   attr    fill
----------------------  --------  ---------  --------  --------  ----  --------
  FLASH                 00000000   00020000  00004370  0001bc90  R  X
  SRAM                  20200000   00008000  0000041b  00007be5  RW X
  BCR_CONFIG            41c00000   000000ff  00000000  000000ff  R   
  BSL_CONFIG            41c00100   00000080  00000000  00000080  R   


SEGMENT ALLOCATION MAP

run origin  load origin   length   init length attrs members
----------  ----------- ---------- ----------- ----- -------
00000000    00000000    00004370   00004370    r-x
  00000000    00000000    000000c0   000000c0    r-- .intvecs
  000000c0    000000c0    000039b8   000039b8    r-x .text
  00003a78    00003a78    000008b8   000008b8    r-- .rodata
  00004330    00004330    00000040   00000040    r-- .cinit
20200000    20200000    0000021b   00000000    rw-
  20200000    20200000    000001d8   00000000    rw- .bss
  202001d8    202001d8    00000043   00000000    rw- .data
20207e00    20207e00    00000200   00000000    rw-
  20207e00    20207e00    00000200   00000000    rw- .stack


SECTION ALLOCATION MAP

 output                                  attributes/
section   page    origin      length       input sections
--------  ----  ----------  ----------   ----------------
.intvecs   0    00000000    000000c0     
                  00000000    000000c0     startup_mspm0g350x_ticlang.o (.intvecs)

.text      0    000000c0    000039b8     
                  000000c0    000008f0     car.o (.text.track_line)
                  000009b0    00000284     libc.a : _printfi.c.obj (.text:__TI_printfi_minimal)
                  00000c34    000001bc     ti_msp_dl_config.o (.text.SYSCFG_DL_GPIO_init)
                  00000df0    000001a4     Grayscale_Sensor.o (.text.Get_Analog_value)
                  00000f94    00000192     libclang_rt.builtins.a : adddf3.S.obj (.text.adddf3_subdf3)
                  00001126    00000002                            : aeabi_div0.c.obj (.text.__aeabi_idiv0)
                  00001128    00000188     Grayscale_Sensor.o (.text.No_MCU_Ganv_Sensor_Init)
                  000012b0    00000188     main.o (.text.main)
                  00001438    00000170     Encoder.o (.text.GROUP1_IRQHandler)
                  000015a8    00000118     oled_software_i2c.o (.text.OLED_ShowChar)
                  000016c0    0000010c     libclang_rt.builtins.a : divdf3.S.obj (.text.__divdf3)
                  000017cc    00000104     driverlib.a : dl_timer.o (.text.DL_Timer_initFourCCPWMMode)
                  000018d0    000000fa     oled_software_i2c.o (.text.OLED_Init)
                  000019ca    00000002     --HOLE-- [fill = 0]
                  000019cc    000000e8     driverlib.a : dl_timer.o (.text.DL_Timer_initTimerMode)
                  00001ab4    000000e4     libclang_rt.builtins.a : muldf3.S.obj (.text.__muldf3)
                  00001b98    000000dc     driverlib.a : dl_sysctl_mspm0g1x0x_g3x0x.o (.text.DL_SYSCTL_configSYSPLL)
                  00001c74    000000d8     libclang_rt.builtins.a : addsf3.S.obj (.text)
                  00001d4c    000000b4     Blue_teeth.o (.text.UART2_IRQHandler)
                  00001e00    000000b0     ti_msp_dl_config.o (.text.SYSCFG_DL_initPower)
                  00001eb0    000000aa     Grayscale_Sensor.o (.text.normalizeAnalogValues)
                  00001f5a    00000002     --HOLE-- [fill = 0]
                  00001f5c    0000008c     ti_msp_dl_config.o (.text.SYSCFG_DL_PWM_0_init)
                  00001fe8    0000008c     ti_msp_dl_config.o (.text.SYSCFG_DL_servo_init)
                  00002074    0000008c     libclang_rt.builtins.a : mulsf3.S.obj (.text.__mulsf3)
                  00002100    00000084     Clock.o (.text.__NVIC_SetPriority)
                  00002184    00000084     ti_msp_dl_config.o (.text.__NVIC_SetPriority)
                  00002208    00000082     libclang_rt.builtins.a : divsf3.S.obj (.text.__divsf3)
                  0000228a    00000002     --HOLE-- [fill = 0]
                  0000228c    0000007c     libc.a : copy_decompress_lzss.c.obj (.text:decompress:lzss)
                  00002308    00000074     oled_software_i2c.o (.text.Send_Byte)
                  0000237c    00000074     libclang_rt.builtins.a : comparedf2.c.obj (.text.__gedf2)
                  000023f0    00000072     Grayscale_Sensor.o (.text.No_MCU_Ganv_Sensor_Init_Frist)
                  00002462    00000070     oled_software_i2c.o (.text.OLED_ShowString)
                  000024d2    0000006c     Grayscale_Sensor.o (.text.convertAnalogToDigital)
                  0000253e    0000006a     oled_software_i2c.o (.text.OLED_Clear)
                  000025a8    00000068     libclang_rt.builtins.a : comparedf2.c.obj (.text.__ledf2)
                  00002610    00000064     car.o (.text.Motor_LeftSpeed)
                  00002674    00000064     car.o (.text.Motor_RightSpeed)
                  000026d8    00000062     libclang_rt.builtins.a : aeabi_dcmp.S.obj (.text.__aeabi_dcmp)
                  0000273a    00000002     --HOLE-- [fill = 0]
                  0000273c    00000058     ti_msp_dl_config.o (.text.SYSCFG_DL_I2C_MPU6050_init)
                  00002794    00000050     Clock.o (.text.SysTick_Config)
                  000027e4    00000050     ti_msp_dl_config.o (.text.SysTick_Config)
                  00002834    0000004e     oled_software_i2c.o (.text.OLED_WR_Byte)
                  00002882    00000002     --HOLE-- [fill = 0]
                  00002884    0000004c     ti_msp_dl_config.o (.text.DL_UART_setBaudRateDivisor)
                  000028d0    0000004c     ti_msp_dl_config.o (.text.SYSCFG_DL_ADC1_init)
                  0000291c    0000004a     ti_msp_dl_config.o (.text.DL_ADC12_configConversionMem)
                  00002966    00000002     --HOLE-- [fill = 0]
                  00002968    0000004a     libclang_rt.builtins.a : fixdfsi.S.obj (.text.__fixdfsi)
                  000029b2    00000002     --HOLE-- [fill = 0]
                  000029b4    00000048     driverlib.a : dl_uart.o (.text.DL_UART_init)
                  000029fc    00000048     ti_msp_dl_config.o (.text.SYSCFG_DL_SYSCTL_init)
                  00002a44    00000048     ti_msp_dl_config.o (.text.SYSCFG_DL_UART_0_init)
                  00002a8c    00000048     ti_msp_dl_config.o (.text.SYSCFG_DL_init)
                  00002ad4    00000048     ADC.o (.text.adc_getValue)
                  00002b1c    00000044     driverlib.a : dl_sysctl_mspm0g1x0x_g3x0x.o (.text.DL_SYSCTL_switchMCLKfromSYSOSCtoHSCLK)
                  00002b60    00000042     Grayscale_Sensor.o (.text.No_Mcu_Ganv_Sensor_Task_Without_tick)
                  00002ba2    00000002     --HOLE-- [fill = 0]
                  00002ba4    00000040     driverlib.a : dl_adc12.o (.text.DL_ADC12_setClockConfig)
                  00002be4    00000040     libclang_rt.builtins.a : aeabi_uidivmod.S.obj (.text.__aeabi_uidivmod)
                  00002c24    0000003c     ti_msp_dl_config.o (.text.DL_GPIO_initPeripheralInputFunctionFeatures)
                  00002c60    0000003c     ti_msp_dl_config.o (.text.DL_Timer_setCounterControl)
                  00002c9c    0000003c     Grayscale_Sensor.o (.text.Get_Anolog_Value)
                  00002cd8    0000003c     oled_software_i2c.o (.text.OLED_Set_Pos)
                  00002d14    0000003c     servo.o (.text.Servo_SetDownAngle)
                  00002d50    0000003c     servo.o (.text.Servo_SetUpAngle)
                  00002d8c    0000003c     libc.a : autoinit.c.obj (.text:__TI_auto_init_nobinit_nopinit)
                  00002dc8    0000003a     libclang_rt.builtins.a : muldsi3.S.obj (.text.__muldsi3)
                  00002e02    00000038     Grayscale_Sensor.o (.text.Get_Normalize_For_User)
                  00002e3a    00000002     --HOLE-- [fill = 0]
                  00002e3c    00000038     libclang_rt.builtins.a : fixsfsi.S.obj (.text.__fixsfsi)
                  00002e74    00000038     libc.a : sprintf.c.obj (.text.sprintf)
                  00002eac    00000034     ti_msp_dl_config.o (.text.DL_GPIO_initDigitalInputFeatures)
                  00002ee0    00000034     oled_software_i2c.o (.text.I2C_Start)
                  00002f14    00000034     ti_msp_dl_config.o (.text.SYSCFG_DL_TIMER_Encoder_speed_init)
                  00002f48    00000032     libclang_rt.builtins.a : fixunssfsi.S.obj (.text.__fixunssfsi)
                  00002f7a    00000002     --HOLE-- [fill = 0]
                  00002f7c    00000030     ADC.o (.text.DL_ADC12_getMemResult)
                  00002fac    00000030     ti_msp_dl_config.o (.text.DL_GPIO_initDigitalOutputFeatures)
                  00002fdc    00000030     Clock.o (.text.mspm0_delay_ms)
                  0000300c    0000002c     ti_msp_dl_config.o (.text.SYSCFG_DL_TIMER_ULTRASONIC_init)
                  00003038    0000002c     Blue_teeth.o (.text.__NVIC_ClearPendingIRQ)
                  00003064    0000002c     main.o (.text.__NVIC_EnableIRQ)
                  00003090    0000002c     libclang_rt.builtins.a : floatsidf.S.obj (.text.__floatsidf)
                  000030bc    00000028     ti_msp_dl_config.o (.text.DL_Common_updateReg)
                  000030e4    00000028     ti_msp_dl_config.o (.text.DL_I2C_setControllerRXFIFOThreshold)
                  0000310c    00000028     ti_msp_dl_config.o (.text.DL_I2C_setControllerTXFIFOThreshold)
                  00003134    00000028     oled_software_i2c.o (.text.I2C_Stop)
                  0000315c    00000028     oled_software_i2c.o (.text.I2C_WaitAck)
                  00003184    00000028     libclang_rt.builtins.a : floatunsisf.S.obj (.text.__floatunsisf)
                  000031ac    00000028     libc.a : boot_cortex_m.c.obj (.text:_c_int00_noargs)
                  000031d4    00000026     ti_msp_dl_config.o (.text.DL_I2C_setAnalogGlitchFilterPulseWidth)
                  000031fa    00000026     driverlib.a : dl_i2c.o (.text.DL_I2C_setClockConfig)
                  00003220    00000024     libclang_rt.builtins.a : floatunsidf.S.obj (.text.__floatunsidf)
                  00003244    00000022     libc.a : memccpy.c.obj (.text.memccpy)
                  00003266    00000002     --HOLE-- [fill = 0]
                  00003268    00000020     ti_msp_dl_config.o (.text.DL_GPIO_initPeripheralInputFunction)
                  00003288    00000020     ti_msp_dl_config.o (.text.DL_SYSCTL_setFlashWaitState)
                  000032a8    0000001e     ti_msp_dl_config.o (.text.DL_ADC12_setPowerDownMode)
                  000032c6    0000001e     ti_msp_dl_config.o (.text.DL_UART_setOversampling)
                  000032e4    0000001c     ADC.o (.text.DL_ADC12_startConversion)
                  00003300    0000001c     ADC.o (.text.DL_ADC12_stopConversion)
                  0000331c    0000001c     Encoder.o (.text.DL_GPIO_clearInterruptStatus)
                  00003338    0000001c     ti_msp_dl_config.o (.text.DL_GPIO_clearInterruptStatus)
                  00003354    0000001c     ti_msp_dl_config.o (.text.DL_GPIO_enableHiZ)
                  00003370    0000001c     ti_msp_dl_config.o (.text.DL_GPIO_enableInterrupt)
                  0000338c    0000001c     ti_msp_dl_config.o (.text.DL_GPIO_initPeripheralOutputFunction)
                  000033a8    0000001c     ti_msp_dl_config.o (.text.DL_GPIO_setLowerPinsPolarity)
                  000033c4    0000001c     ti_msp_dl_config.o (.text.DL_SYSCTL_setSYSOSCFreq)
                  000033e0    0000001c     ti_msp_dl_config.o (.text.DL_SYSCTL_setULPCLKDivider)
                  000033fc    0000001c     ti_msp_dl_config.o (.text.DL_Timer_enableInterrupt)
                  00003418    0000001c     driverlib.a : dl_timer.o (.text.DL_Timer_setCaptCompUpdateMethod)
                  00003434    0000001c                 : dl_timer.o (.text.DL_Timer_setClockConfig)
                  00003450    0000001c     ti_msp_dl_config.o (.text.DL_UART_enableInterrupt)
                  0000346c    0000001c     car.o (.text.Go_Ahead)
                  00003488    0000001a     car.o (.text.Car_stop)
                  000034a2    0000001a     car.o (.text.Turn_Left)
                  000034bc    0000001a     car.o (.text.Turn_bLeft)
                  000034d6    0000001a     car.o (.text.Turn_bRight)
                  000034f0    0000001a     car.o (.text.Turn_sLeft)
                  0000350a    0000001a     car.o (.text.Turn_sRight)
                  00003524    0000001a     car.o (.text.Turn_ssLeft)
                  0000353e    0000001a     car.o (.text.Turn_ssRight)
                  00003558    00000018     ti_msp_dl_config.o (.text.DL_ADC12_enablePower)
                  00003570    00000018     ti_msp_dl_config.o (.text.DL_ADC12_reset)
                  00003588    00000018     ti_msp_dl_config.o (.text.DL_ADC12_setSampleTime0)
                  000035a0    00000018     ti_msp_dl_config.o (.text.DL_GPIO_enableOutput)
                  000035b8    00000018     ti_msp_dl_config.o (.text.DL_GPIO_enablePower)
                  000035d0    00000018     Encoder.o (.text.DL_GPIO_getEnabledInterruptStatus)
                  000035e8    00000018     ti_msp_dl_config.o (.text.DL_GPIO_initDigitalOutput)
                  00003600    00000018     ti_msp_dl_config.o (.text.DL_GPIO_reset)
                  00003618    00000018     Grayscale_Sensor.o (.text.DL_GPIO_setPins)
                  00003630    00000018     car.o (.text.DL_GPIO_setPins)
                  00003648    00000018     oled_software_i2c.o (.text.DL_GPIO_setPins)
                  00003660    00000018     ti_msp_dl_config.o (.text.DL_GPIO_setUpperPinsPolarity)
                  00003678    00000018     ti_msp_dl_config.o (.text.DL_I2C_enableAnalogGlitchFilter)
                  00003690    00000018     ti_msp_dl_config.o (.text.DL_I2C_enableController)
                  000036a8    00000018     ti_msp_dl_config.o (.text.DL_I2C_enableControllerClockStretching)
                  000036c0    00000018     ti_msp_dl_config.o (.text.DL_I2C_enablePower)
                  000036d8    00000018     ti_msp_dl_config.o (.text.DL_I2C_reset)
                  000036f0    00000018     ti_msp_dl_config.o (.text.DL_I2C_setTimerPeriod)
                  00003708    00000018     ti_msp_dl_config.o (.text.DL_SYSCTL_setBORThreshold)
                  00003720    00000018     ti_msp_dl_config.o (.text.DL_Timer_enablePower)
                  00003738    00000018     ti_msp_dl_config.o (.text.DL_Timer_reset)
                  00003750    00000018     driverlib.a : dl_timer.o (.text.DL_Timer_setCaptureCompareOutCtl)
                  00003768    00000018     main.o (.text.DL_Timer_startCounter)
                  00003780    00000018     ti_msp_dl_config.o (.text.DL_UART_enablePower)
                  00003798    00000018     ti_msp_dl_config.o (.text.DL_UART_reset)
                  000037b0    00000018     Clock.o (.text.SysTick_Init)
                  000037c8    00000018     libc.a : sprintf.c.obj (.text._outs)
                  000037e0    00000016     ADC.o (.text.DL_ADC12_disableConversions)
                  000037f6    00000016     ADC.o (.text.DL_ADC12_enableConversions)
                  0000380c    00000016     ti_msp_dl_config.o (.text.DL_ADC12_enableConversions)
                  00003822    00000016     Encoder.o (.text.DL_GPIO_readPins)
                  00003838    00000016     ti_msp_dl_config.o (.text.DL_UART_enable)
                  0000384e    00000016     libc.a : copy_zero_init.c.obj (.text:decompress:ZI:__TI_zero_init_nomemset)
                  00003864    00000014     Grayscale_Sensor.o (.text.DL_GPIO_clearPins)
                  00003878    00000014     car.o (.text.DL_GPIO_clearPins)
                  0000388c    00000014     oled_software_i2c.o (.text.DL_GPIO_clearPins)
                  000038a0    00000014     ti_msp_dl_config.o (.text.DL_GPIO_clearPins)
                  000038b4    00000014     ti_msp_dl_config.o (.text.DL_I2C_resetControllerTransfer)
                  000038c8    00000014     ti_msp_dl_config.o (.text.DL_SYSCTL_disableSYSPLL)
                  000038dc    00000014     ti_msp_dl_config.o (.text.DL_Timer_enableClock)
                  000038f0    00000014     ti_msp_dl_config.o (.text.DL_Timer_setCCPDirection)
                  00003904    00000014     Blue_teeth.o (.text.DL_UART_receiveData)
                  00003918    00000014     car.o (.text.Turn_bbLeft)
                  0000392c    00000014     car.o (.text.Turn_bbRight)
                  00003940    00000012     Blue_teeth.o (.text.DL_UART_getPendingInterrupt)
                  00003952    00000012     driverlib.a : dl_uart.o (.text.DL_UART_setClockConfig)
                  00003964    00000012     libc.a : memcpy16.S.obj (.text:TI_memcpy_small)
                  00003976    00000012            : copy_decompress_none.c.obj (.text:decompress:none)
                  00003988    00000010     ADC.o (.text.DL_ADC12_getStatus)
                  00003998    00000010     ti_msp_dl_config.o (.text.DL_SYSCTL_disableHFXT)
                  000039a8    00000010     driverlib.a : dl_timer.o (.text.DL_Timer_setCaptureCompareValue)
                  000039b8    00000010     ti_msp_dl_config.o (.text.SYSCFG_DL_SYSTICK_init)
                  000039c8    00000010     Clock.o (.text.SysTick_Handler)
                  000039d8    00000010     oled_software_i2c.o (.text.delay_ms)
                  000039e8    0000000e     Grayscale_Sensor.o (.text.Get_Digtal_For_User)
                  000039f6    00000002     --HOLE-- [fill = 0]
                  000039f8    0000000e     libclang_rt.builtins.a : aeabi_memset.S.obj (.text.__aeabi_memset)
                  00003a06    0000000e     libc.a : _printfi.c.obj (.text.strlen)
                  00003a14    0000000e            : memset16.S.obj (.text:TI_memset_small)
                  00003a22    00000002     --HOLE-- [fill = 0]
                  00003a24    0000000c     libclang_rt.builtins.a : aeabi_memset.S.obj (.text.__aeabi_memclr)
                  00003a30    0000000a     driverlib.a : dl_common.o (.text.DL_Common_delayCycles)
                  00003a3a    0000000a     libc.a : sprintf.c.obj (.text._outc)
                  00003a44    00000008     libclang_rt.builtins.a : aeabi_memcpy.S.obj (.text.__aeabi_memcpy)
                  00003a4c    00000006     libc.a : exit.c.obj (.text:abort)
                  00003a52    00000004     startup_mspm0g350x_ticlang.o (.text.Default_Handler)
                  00003a56    00000004     libsysbm.a : hostexit.c.obj (.text.HOSTexit)
                  00003a5a    00000004     startup_mspm0g350x_ticlang.o (.text.Reset_Handler)
                  00003a5e    00000002     --HOLE-- [fill = 0]
                  00003a60    00000010     libc.a : boot_cortex_m.c.obj (.tramp._c_int00_noargs.1)
                  00003a70    00000004            : pre_init.c.obj (.text._system_pre_init)
                  00003a74    00000004     --HOLE-- [fill = 0]

.cinit     0    00004330    00000040     
                  00004330    0000001c     (.cinit..data.load) [load image, compression = lzss]
                  0000434c    0000000c     (__TI_handler_table)
                  00004358    00000008     (.cinit..bss.load) [load image, compression = zero_init]
                  00004360    00000010     (__TI_cinit_table)

.rodata    0    00003a78    000008b8     
                  00003a78    000005f0     oled_software_i2c.o (.rodata.asc2_1608)
                  00004068    00000228     oled_software_i2c.o (.rodata.asc2_0806)
                  00004290    00000028     ti_msp_dl_config.o (.rodata.gSYSPLLConfig)
                  000042b8    00000014     ti_msp_dl_config.o (.rodata.gTIMER_Encoder_speedTimerConfig)
                  000042cc    00000014     ti_msp_dl_config.o (.rodata.gTIMER_ULTRASONICTimerConfig)
                  000042e0    00000011     libc.a : _printfi.c.obj (.rodata.str1.15363888844622738466.1)
                  000042f1    00000001     --HOLE-- [fill = 0]
                  000042f2    0000000a     ti_msp_dl_config.o (.rodata.gUART_0Config)
                  000042fc    00000008     ti_msp_dl_config.o (.rodata.gADC1ClockConfig)
                  00004304    00000008     ti_msp_dl_config.o (.rodata.gPWM_0Config)
                  0000430c    00000008     ti_msp_dl_config.o (.rodata.gservoConfig)
                  00004314    00000007     main.o (.rodata.str1.15159059442110792349.1)
                  0000431b    00000003     ti_msp_dl_config.o (.rodata.gPWM_0ClockConfig)
                  0000431e    00000003     ti_msp_dl_config.o (.rodata.gTIMER_Encoder_speedClockConfig)
                  00004321    00000003     ti_msp_dl_config.o (.rodata.gTIMER_ULTRASONICClockConfig)
                  00004324    00000003     ti_msp_dl_config.o (.rodata.gservoClockConfig)
                  00004327    00000002     ti_msp_dl_config.o (.rodata.gI2C_MPU6050ClockConfig)
                  00004329    00000002     ti_msp_dl_config.o (.rodata.gUART_0ClockConfig)
                  0000432b    00000005     --HOLE-- [fill = 0]

.init_array 
*          0    00000000    00000000     UNINITIALIZED

.binit     0    00000000    00000000     

.bss       0    20200000    000001d8     UNINITIALIZED
                  20200000    000000bc     (.common:gPWM_0Backup)
                  202000bc    000000a0     (.common:gservoBackup)
                  2020015c    00000032     (.common:re_str)
                  2020018e    00000020     (.common:oled_buffer)
                  202001ae    00000010     (.common:Normal)
                  202001be    00000002     --HOLE--
                  202001c0    00000004     (.common:Blue_teeth_Kp)
                  202001c4    00000004     (.common:L_Distance)
                  202001c8    00000004     (.common:R_Distance)
                  202001cc    00000004     (.common:encoder_dis)
                  202001d0    00000004     (.common:start_time)
                  202001d4    00000004     (.common:tick_ms)

.data      0    202001d8    00000043     UNINITIALIZED
                  202001d8    00000010     main.o (.data.Anolog)
                  202001e8    00000010     main.o (.data.black)
                  202001f8    00000010     main.o (.data.white)
                  20200208    00000004     car.o (.data.flag_circle)
                  2020020c    00000004     car.o (.data.flag_judge)
                  20200210    00000004     car.o (.data.flag_stop)
                  20200214    00000004     Blue_teeth.o (.data.stt)
                  20200218    00000002     Blue_teeth.o (.data.RX_NUM)
                  2020021a    00000001     main.o (.data.gEchoData)

.stack     0    20207e00    00000200     UNINITIALIZED
                  20207e00    00000004     libc.a : boot_cortex_m.c.obj (.stack)
                  20207e04    000001fc     --HOLE--

__llvm_prf_cnts 
*          0    20200000    00000000     UNINITIALIZED

__llvm_prf_bits 
*          0    20200000    00000000     UNINITIALIZED

MODULE SUMMARY

       Module                         code    ro data   rw data
       ------                         ----    -------   -------
    .\
       ti_msp_dl_config.o             3124    130       348    
       main.o                         460     7         109    
       startup_mspm0g350x_ticlang.o   8       192       0      
    +--+------------------------------+-------+---------+---------+
       Total:                         3592    329       457    
                                                               
    .\Drivers\ADC\
       ADC.o                          236     0         0      
    +--+------------------------------+-------+---------+---------+
       Total:                         236     0         0      
                                                               
    .\Drivers\Blue_teeth\
       Blue_teeth.o                   262     0         56     
    +--+------------------------------+-------+---------+---------+
       Total:                         262     0         56     
                                                               
    .\Drivers\Clock\
       Clock.o                        300     0         8      
    +--+------------------------------+-------+---------+---------+
       Total:                         300     0         8      
                                                               
    .\Drivers\Encoder\
       Encoder.o                      442     0         0      
    +--+------------------------------+-------+---------+---------+
       Total:                         442     0         0      
                                                               
    .\Drivers\Grayscale_Sensor\
       Grayscale_Sensor.o             1444    0         0      
    +--+------------------------------+-------+---------+---------+
       Total:                         1444    0         0      
                                                               
    .\Drivers\OLED_Software_I2C\
       oled_software_i2c.o            1194    2072      0      
    +--+------------------------------+-------+---------+---------+
       Total:                         1194    2072      0      
                                                               
    .\Drivers\car\
       car.o                          2808    0         12     
    +--+------------------------------+-------+---------+---------+
       Total:                         2808    0         12     
                                                               
    .\Drivers\pid\
       pid.o                          0       0         4      
    +--+------------------------------+-------+---------+---------+
       Total:                         0       0         4      
                                                               
    .\Drivers\servo\
       servo.o                        120     0         0      
    +--+------------------------------+-------+---------+---------+
       Total:                         120     0         0      
                                                               
    D:/ti/mspm0_sdk_2_05_01_00/source/ti/driverlib/lib/ticlang/m0p/mspm0g1x0x_g3x0x/driverlib.a
       dl_timer.o                     588     0         0      
       dl_sysctl_mspm0g1x0x_g3x0x.o   288     0         0      
       dl_uart.o                      90      0         0      
       dl_adc12.o                     64      0         0      
       dl_i2c.o                       38      0         0      
       dl_common.o                    10      0         0      
    +--+------------------------------+-------+---------+---------+
       Total:                         1078    0         0      
                                                               
    D:\ti\ccs\tools\compiler\ti-cgt-armllvm_4.0.3.LTS\lib\armv6m-ti-none-eabi/c/libc.a
       _printfi.c.obj                 658     17        0      
       copy_decompress_lzss.c.obj     124     0         0      
       sprintf.c.obj                  90      0         0      
       autoinit.c.obj                 60      0         0      
       boot_cortex_m.c.obj            56      0         0      
       memccpy.c.obj                  34      0         0      
       copy_zero_init.c.obj           22      0         0      
       copy_decompress_none.c.obj     18      0         0      
       memcpy16.S.obj                 18      0         0      
       memset16.S.obj                 14      0         0      
       exit.c.obj                     6       0         0      
       pre_init.c.obj                 4       0         0      
    +--+------------------------------+-------+---------+---------+
       Total:                         1104    17        0      
                                                               
    D:\ti\ccs\tools\compiler\ti-cgt-armllvm_4.0.3.LTS\lib\armv6m-ti-none-eabi/c/libsysbm.a
       hostexit.c.obj                 4       0         0      
    +--+------------------------------+-------+---------+---------+
       Total:                         4       0         0      
                                                               
    D:\ti\ccs\tools\compiler\ti-cgt-armllvm_4.0.3.LTS\lib\armv6m-ti-none-eabi/libclang_rt.builtins.a
       adddf3.S.obj                   402     0         0      
       divdf3.S.obj                   268     0         0      
       muldf3.S.obj                   228     0         0      
       comparedf2.c.obj               220     0         0      
       addsf3.S.obj                   216     0         0      
       mulsf3.S.obj                   140     0         0      
       divsf3.S.obj                   130     0         0      
       aeabi_dcmp.S.obj               98      0         0      
       fixdfsi.S.obj                  74      0         0      
       aeabi_uidivmod.S.obj           64      0         0      
       muldsi3.S.obj                  58      0         0      
       fixsfsi.S.obj                  56      0         0      
       fixunssfsi.S.obj               50      0         0      
       floatsidf.S.obj                44      0         0      
       floatunsisf.S.obj              40      0         0      
       floatunsidf.S.obj              36      0         0      
       aeabi_memset.S.obj             26      0         0      
       aeabi_memcpy.S.obj             8       0         0      
       aeabi_div0.c.obj               2       0         0      
    +--+------------------------------+-------+---------+---------+
       Total:                         2160    0         0      
                                                               
       Stack:                         0       0         512    
       Linker Generated:              0       64        0      
    +--+------------------------------+-------+---------+---------+
       Grand Total:                   14744   2482      1049   


LINKER GENERATED COPY TABLES

__TI_cinit_table @ 00004360 records: 2, size/record: 8, table size: 16
	.data: load addr=00004330, load size=0000001c bytes, run addr=202001d8, run size=00000043 bytes, compression=lzss
	.bss: load addr=00004358, load size=00000008 bytes, run addr=20200000, run size=000001d8 bytes, compression=zero_init


LINKER GENERATED HANDLER TABLE

__TI_handler_table @ 0000434c records: 3, size/record: 4, table size: 12
	index: 0, handler: __TI_decompress_lzss
	index: 1, handler: __TI_decompress_none
	index: 2, handler: __TI_zero_init


FAR CALL TRAMPOLINES

callee name               trampoline name
   callee addr  tramp addr   call addr  call info
--------------  -----------  ---------  ----------------
_c_int00_noargs           $Tramp$TT$L$PI$$_c_int00_noargs
   000031ad     00003a60     00003a5a   startup_mspm0g350x_ticlang.o (.text.Reset_Handler)

[1 trampolines]
[1 trampoline calls]


GLOBAL SYMBOLS: SORTED ALPHABETICALLY BY Name 

address   name                                 
-------   ----                                 
00003a53  ADC0_IRQHandler                      
00003a53  ADC1_IRQHandler                      
00003a53  AES_IRQHandler                       
202001d8  Anolog                               
202001c0  Blue_teeth_Kp                        
00003a56  C$$EXIT                              
00003a53  CANFD0_IRQHandler                    
00003489  Car_stop                             
00003a53  DAC0_IRQHandler                      
00002ba5  DL_ADC12_setClockConfig              
00003a31  DL_Common_delayCycles                
000031fb  DL_I2C_setClockConfig                
00001b99  DL_SYSCTL_configSYSPLL               
00002b1d  DL_SYSCTL_switchMCLKfromSYSOSCtoHSCLK
000017cd  DL_Timer_initFourCCPWMMode           
000019cd  DL_Timer_initTimerMode               
00003419  DL_Timer_setCaptCompUpdateMethod     
00003751  DL_Timer_setCaptureCompareOutCtl     
000039a9  DL_Timer_setCaptureCompareValue      
00003435  DL_Timer_setClockConfig              
000029b5  DL_UART_init                         
00003953  DL_UART_setClockConfig               
00003a53  DMA_IRQHandler                       
00003a53  Default_Handler                      
00003a53  GROUP0_IRQHandler                    
00001439  GROUP1_IRQHandler                    
00000df1  Get_Analog_value                     
00002c9d  Get_Anolog_Value                     
000039e9  Get_Digtal_For_User                  
00002e03  Get_Normalize_For_User               
0000346d  Go_Ahead                             
00003a57  HOSTexit                             
00003a53  HardFault_Handler                    
00003a53  I2C0_IRQHandler                      
00003a53  I2C1_IRQHandler                      
00002ee1  I2C_Start                            
00003135  I2C_Stop                             
0000315d  I2C_WaitAck                          
202001c4  L_Distance                           
00002611  Motor_LeftSpeed                      
00002675  Motor_RightSpeed                     
00003a53  NMI_Handler                          
00001129  No_MCU_Ganv_Sensor_Init              
000023f1  No_MCU_Ganv_Sensor_Init_Frist        
00002b61  No_Mcu_Ganv_Sensor_Task_Without_tick 
202001ae  Normal                               
0000253f  OLED_Clear                           
000018d1  OLED_Init                            
00002cd9  OLED_Set_Pos                         
000015a9  OLED_ShowChar                        
00002463  OLED_ShowString                      
00002835  OLED_WR_Byte                         
00003a53  PendSV_Handler                       
00003a53  RTC_IRQHandler                       
20200218  RX_NUM                               
202001c8  R_Distance                           
00003a5b  Reset_Handler                        
00003a53  SPI0_IRQHandler                      
00003a53  SPI1_IRQHandler                      
00003a53  SVC_Handler                          
000028d1  SYSCFG_DL_ADC1_init                  
00000c35  SYSCFG_DL_GPIO_init                  
0000273d  SYSCFG_DL_I2C_MPU6050_init           
00001f5d  SYSCFG_DL_PWM_0_init                 
000029fd  SYSCFG_DL_SYSCTL_init                
000039b9  SYSCFG_DL_SYSTICK_init               
00002f15  SYSCFG_DL_TIMER_Encoder_speed_init   
0000300d  SYSCFG_DL_TIMER_ULTRASONIC_init      
00002a45  SYSCFG_DL_UART_0_init                
00002a8d  SYSCFG_DL_init                       
00001e01  SYSCFG_DL_initPower                  
00001fe9  SYSCFG_DL_servo_init                 
00002309  Send_Byte                            
00002d15  Servo_SetDownAngle                   
00002d51  Servo_SetUpAngle                     
000039c9  SysTick_Handler                      
000037b1  SysTick_Init                         
00003a53  TIMA0_IRQHandler                     
00003a53  TIMA1_IRQHandler                     
00003a53  TIMG0_IRQHandler                     
00003a53  TIMG12_IRQHandler                    
00003a53  TIMG6_IRQHandler                     
00003a53  TIMG7_IRQHandler                     
00003a53  TIMG8_IRQHandler                     
00003965  TI_memcpy_small                      
00003a15  TI_memset_small                      
000034a3  Turn_Left                            
000034bd  Turn_bLeft                           
000034d7  Turn_bRight                          
00003919  Turn_bbLeft                          
0000392d  Turn_bbRight                         
000034f1  Turn_sLeft                           
0000350b  Turn_sRight                          
00003525  Turn_ssLeft                          
0000353f  Turn_ssRight                         
00003a53  UART0_IRQHandler                     
00003a53  UART1_IRQHandler                     
00001d4d  UART2_IRQHandler                     
00003a53  UART3_IRQHandler                     
20208000  __STACK_END                          
00000200  __STACK_SIZE                         
00000000  __TI_ATRegion0_region_sz             
00000000  __TI_ATRegion0_src_addr              
00000000  __TI_ATRegion0_trg_addr              
00000000  __TI_ATRegion1_region_sz             
00000000  __TI_ATRegion1_src_addr              
00000000  __TI_ATRegion1_trg_addr              
00000000  __TI_ATRegion2_region_sz             
00000000  __TI_ATRegion2_src_addr              
00000000  __TI_ATRegion2_trg_addr              
00004360  __TI_CINIT_Base                      
00004370  __TI_CINIT_Limit                     
00004370  __TI_CINIT_Warm                      
0000434c  __TI_Handler_Table_Base              
00004358  __TI_Handler_Table_Limit             
00002d8d  __TI_auto_init_nobinit_nopinit       
0000228d  __TI_decompress_lzss                 
00003977  __TI_decompress_none                 
ffffffff  __TI_pprof_out_hndl                  
000009b1  __TI_printfi_minimal                 
ffffffff  __TI_prof_data_size                  
ffffffff  __TI_prof_data_start                 
00000000  __TI_static_base__                   
0000384f  __TI_zero_init_nomemset              
00000f9f  __adddf3                             
00001c7f  __addsf3                             
00002969  __aeabi_d2iz                         
00000f9f  __aeabi_dadd                         
000026d9  __aeabi_dcmpeq                       
00002715  __aeabi_dcmpge                       
00002729  __aeabi_dcmpgt                       
00002701  __aeabi_dcmple                       
000026ed  __aeabi_dcmplt                       
000016c1  __aeabi_ddiv                         
00001ab5  __aeabi_dmul                         
00000f95  __aeabi_dsub                         
00002e3d  __aeabi_f2iz                         
00002f49  __aeabi_f2uiz                        
00001c7f  __aeabi_fadd                         
00002209  __aeabi_fdiv                         
00002075  __aeabi_fmul                         
00001c75  __aeabi_fsub                         
00003091  __aeabi_i2d                          
00001127  __aeabi_idiv0                        
00003a25  __aeabi_memclr                       
00003a25  __aeabi_memclr4                      
00003a25  __aeabi_memclr8                      
00003a45  __aeabi_memcpy                       
00003a45  __aeabi_memcpy4                      
00003a45  __aeabi_memcpy8                      
000039f9  __aeabi_memset                       
000039f9  __aeabi_memset4                      
000039f9  __aeabi_memset8                      
00003221  __aeabi_ui2d                         
00003185  __aeabi_ui2f                         
00002be5  __aeabi_uidiv                        
00002be5  __aeabi_uidivmod                     
ffffffff  __binit__                            
000025a9  __cmpdf2                             
000016c1  __divdf3                             
00002209  __divsf3                             
000025a9  __eqdf2                              
00002969  __fixdfsi                            
00002e3d  __fixsfsi                            
00002f49  __fixunssfsi                         
00003091  __floatsidf                          
00003221  __floatunsidf                        
00003185  __floatunsisf                        
0000237d  __gedf2                              
0000237d  __gtdf2                              
000025a9  __ledf2                              
000025a9  __ltdf2                              
UNDEFED   __mpu_init                           
00001ab5  __muldf3                             
00002dc9  __muldsi3                            
00002075  __mulsf3                             
000025a9  __nedf2                              
20207e00  __stack                              
20200000  __start___llvm_prf_bits              
20200000  __start___llvm_prf_cnts              
20200000  __stop___llvm_prf_bits               
20200000  __stop___llvm_prf_cnts               
00000f95  __subdf3                             
00001c75  __subsf3                             
000031ad  _c_int00_noargs                      
UNDEFED   _system_post_cinit                   
00003a71  _system_pre_init                     
00003a4d  abort                                
00002ad5  adc_getValue                         
00004068  asc2_0806                            
00003a78  asc2_1608                            
ffffffff  binit                                
202001e8  black                                
000024d3  convertAnalogToDigital               
000039d9  delay_ms                             
202001cc  encoder_dis                          
20200208  flag_circle                          
2020020c  flag_judge                           
20200210  flag_stop                            
2020021a  gEchoData                            
20200000  gPWM_0Backup                         
202000bc  gservoBackup                         
00000000  interruptVectors                     
000012b1  main                                 
00003245  memccpy                              
00002fdd  mspm0_delay_ms                       
00001eb1  normalizeAnalogValues                
2020018e  oled_buffer                          
2020015c  re_str                               
00002e75  sprintf                              
202001d0  start_time                           
20200214  stt                                  
202001d4  tick_ms                              
000000c1  track_line                           
202001f8  white                                


GLOBAL SYMBOLS: SORTED BY Symbol Address 

address   name                                 
-------   ----                                 
00000000  __TI_ATRegion0_region_sz             
00000000  __TI_ATRegion0_src_addr              
00000000  __TI_ATRegion0_trg_addr              
00000000  __TI_ATRegion1_region_sz             
00000000  __TI_ATRegion1_src_addr              
00000000  __TI_ATRegion1_trg_addr              
00000000  __TI_ATRegion2_region_sz             
00000000  __TI_ATRegion2_src_addr              
00000000  __TI_ATRegion2_trg_addr              
00000000  __TI_static_base__                   
00000000  interruptVectors                     
000000c1  track_line                           
00000200  __STACK_SIZE                         
000009b1  __TI_printfi_minimal                 
00000c35  SYSCFG_DL_GPIO_init                  
00000df1  Get_Analog_value                     
00000f95  __aeabi_dsub                         
00000f95  __subdf3                             
00000f9f  __adddf3                             
00000f9f  __aeabi_dadd                         
00001127  __aeabi_idiv0                        
00001129  No_MCU_Ganv_Sensor_Init              
000012b1  main                                 
00001439  GROUP1_IRQHandler                    
000015a9  OLED_ShowChar                        
000016c1  __aeabi_ddiv                         
000016c1  __divdf3                             
000017cd  DL_Timer_initFourCCPWMMode           
000018d1  OLED_Init                            
000019cd  DL_Timer_initTimerMode               
00001ab5  __aeabi_dmul                         
00001ab5  __muldf3                             
00001b99  DL_SYSCTL_configSYSPLL               
00001c75  __aeabi_fsub                         
00001c75  __subsf3                             
00001c7f  __addsf3                             
00001c7f  __aeabi_fadd                         
00001d4d  UART2_IRQHandler                     
00001e01  SYSCFG_DL_initPower                  
00001eb1  normalizeAnalogValues                
00001f5d  SYSCFG_DL_PWM_0_init                 
00001fe9  SYSCFG_DL_servo_init                 
00002075  __aeabi_fmul                         
00002075  __mulsf3                             
00002209  __aeabi_fdiv                         
00002209  __divsf3                             
0000228d  __TI_decompress_lzss                 
00002309  Send_Byte                            
0000237d  __gedf2                              
0000237d  __gtdf2                              
000023f1  No_MCU_Ganv_Sensor_Init_Frist        
00002463  OLED_ShowString                      
000024d3  convertAnalogToDigital               
0000253f  OLED_Clear                           
000025a9  __cmpdf2                             
000025a9  __eqdf2                              
000025a9  __ledf2                              
000025a9  __ltdf2                              
000025a9  __nedf2                              
00002611  Motor_LeftSpeed                      
00002675  Motor_RightSpeed                     
000026d9  __aeabi_dcmpeq                       
000026ed  __aeabi_dcmplt                       
00002701  __aeabi_dcmple                       
00002715  __aeabi_dcmpge                       
00002729  __aeabi_dcmpgt                       
0000273d  SYSCFG_DL_I2C_MPU6050_init           
00002835  OLED_WR_Byte                         
000028d1  SYSCFG_DL_ADC1_init                  
00002969  __aeabi_d2iz                         
00002969  __fixdfsi                            
000029b5  DL_UART_init                         
000029fd  SYSCFG_DL_SYSCTL_init                
00002a45  SYSCFG_DL_UART_0_init                
00002a8d  SYSCFG_DL_init                       
00002ad5  adc_getValue                         
00002b1d  DL_SYSCTL_switchMCLKfromSYSOSCtoHSCLK
00002b61  No_Mcu_Ganv_Sensor_Task_Without_tick 
00002ba5  DL_ADC12_setClockConfig              
00002be5  __aeabi_uidiv                        
00002be5  __aeabi_uidivmod                     
00002c9d  Get_Anolog_Value                     
00002cd9  OLED_Set_Pos                         
00002d15  Servo_SetDownAngle                   
00002d51  Servo_SetUpAngle                     
00002d8d  __TI_auto_init_nobinit_nopinit       
00002dc9  __muldsi3                            
00002e03  Get_Normalize_For_User               
00002e3d  __aeabi_f2iz                         
00002e3d  __fixsfsi                            
00002e75  sprintf                              
00002ee1  I2C_Start                            
00002f15  SYSCFG_DL_TIMER_Encoder_speed_init   
00002f49  __aeabi_f2uiz                        
00002f49  __fixunssfsi                         
00002fdd  mspm0_delay_ms                       
0000300d  SYSCFG_DL_TIMER_ULTRASONIC_init      
00003091  __aeabi_i2d                          
00003091  __floatsidf                          
00003135  I2C_Stop                             
0000315d  I2C_WaitAck                          
00003185  __aeabi_ui2f                         
00003185  __floatunsisf                        
000031ad  _c_int00_noargs                      
000031fb  DL_I2C_setClockConfig                
00003221  __aeabi_ui2d                         
00003221  __floatunsidf                        
00003245  memccpy                              
00003419  DL_Timer_setCaptCompUpdateMethod     
00003435  DL_Timer_setClockConfig              
0000346d  Go_Ahead                             
00003489  Car_stop                             
000034a3  Turn_Left                            
000034bd  Turn_bLeft                           
000034d7  Turn_bRight                          
000034f1  Turn_sLeft                           
0000350b  Turn_sRight                          
00003525  Turn_ssLeft                          
0000353f  Turn_ssRight                         
00003751  DL_Timer_setCaptureCompareOutCtl     
000037b1  SysTick_Init                         
0000384f  __TI_zero_init_nomemset              
00003919  Turn_bbLeft                          
0000392d  Turn_bbRight                         
00003953  DL_UART_setClockConfig               
00003965  TI_memcpy_small                      
00003977  __TI_decompress_none                 
000039a9  DL_Timer_setCaptureCompareValue      
000039b9  SYSCFG_DL_SYSTICK_init               
000039c9  SysTick_Handler                      
000039d9  delay_ms                             
000039e9  Get_Digtal_For_User                  
000039f9  __aeabi_memset                       
000039f9  __aeabi_memset4                      
000039f9  __aeabi_memset8                      
00003a15  TI_memset_small                      
00003a25  __aeabi_memclr                       
00003a25  __aeabi_memclr4                      
00003a25  __aeabi_memclr8                      
00003a31  DL_Common_delayCycles                
00003a45  __aeabi_memcpy                       
00003a45  __aeabi_memcpy4                      
00003a45  __aeabi_memcpy8                      
00003a4d  abort                                
00003a53  ADC0_IRQHandler                      
00003a53  ADC1_IRQHandler                      
00003a53  AES_IRQHandler                       
00003a53  CANFD0_IRQHandler                    
00003a53  DAC0_IRQHandler                      
00003a53  DMA_IRQHandler                       
00003a53  Default_Handler                      
00003a53  GROUP0_IRQHandler                    
00003a53  HardFault_Handler                    
00003a53  I2C0_IRQHandler                      
00003a53  I2C1_IRQHandler                      
00003a53  NMI_Handler                          
00003a53  PendSV_Handler                       
00003a53  RTC_IRQHandler                       
00003a53  SPI0_IRQHandler                      
00003a53  SPI1_IRQHandler                      
00003a53  SVC_Handler                          
00003a53  TIMA0_IRQHandler                     
00003a53  TIMA1_IRQHandler                     
00003a53  TIMG0_IRQHandler                     
00003a53  TIMG12_IRQHandler                    
00003a53  TIMG6_IRQHandler                     
00003a53  TIMG7_IRQHandler                     
00003a53  TIMG8_IRQHandler                     
00003a53  UART0_IRQHandler                     
00003a53  UART1_IRQHandler                     
00003a53  UART3_IRQHandler                     
00003a56  C$$EXIT                              
00003a57  HOSTexit                             
00003a5b  Reset_Handler                        
00003a71  _system_pre_init                     
00003a78  asc2_1608                            
00004068  asc2_0806                            
0000434c  __TI_Handler_Table_Base              
00004358  __TI_Handler_Table_Limit             
00004360  __TI_CINIT_Base                      
00004370  __TI_CINIT_Limit                     
00004370  __TI_CINIT_Warm                      
20200000  __start___llvm_prf_bits              
20200000  __start___llvm_prf_cnts              
20200000  __stop___llvm_prf_bits               
20200000  __stop___llvm_prf_cnts               
20200000  gPWM_0Backup                         
202000bc  gservoBackup                         
2020015c  re_str                               
2020018e  oled_buffer                          
202001ae  Normal                               
202001c0  Blue_teeth_Kp                        
202001c4  L_Distance                           
202001c8  R_Distance                           
202001cc  encoder_dis                          
202001d0  start_time                           
202001d4  tick_ms                              
202001d8  Anolog                               
202001e8  black                                
202001f8  white                                
20200208  flag_circle                          
2020020c  flag_judge                           
20200210  flag_stop                            
20200214  stt                                  
20200218  RX_NUM                               
2020021a  gEchoData                            
20207e00  __stack                              
20208000  __STACK_END                          
ffffffff  __TI_pprof_out_hndl                  
ffffffff  __TI_prof_data_size                  
ffffffff  __TI_prof_data_start                 
ffffffff  __binit__                            
ffffffff  binit                                
UNDEFED   __mpu_init                           
UNDEFED   _system_post_cinit                   

[215 symbols]
